Archive member included because of file (symbol)

/opt/devkitPro/libnds/lib/libnds9.a(console.o)
                              main.o (consoleDemoInit)
/opt/devkitPro/libnds/lib/libnds9.a(initSystem.o)
                              /opt/devkitPro/devkitARM/lib/gcc/arm-eabi/4.3.3/../../../../arm-eabi/lib/thumb/ds_arm9_crt0.o (initSystem)
/opt/devkitPro/libnds/lib/libnds9.a(sprite.o)
                              sprites.o (oamMain)
/opt/devkitPro/libnds/lib/libnds9.a(sprite_alloc.o)
                              /opt/devkitPro/libnds/lib/libnds9.a(sprite.o) (oamAllocReset)
/opt/devkitPro/libnds/lib/libnds9.a(system.o)
                              main.o (powerOn)
/opt/devkitPro/libnds/lib/libnds9.a(touch.o)
                              main.o (touchRead)
/opt/devkitPro/libnds/lib/libnds9.a(trig.o)
                              /opt/devkitPro/libnds/lib/libnds9.a(sprite.o) (sinLerp)
/opt/devkitPro/libnds/lib/libnds9.a(video.o)
                              graficos.o (vramSetMainBanks)
/opt/devkitPro/libnds/lib/libnds9.a(fifosystem.o)
                              /opt/devkitPro/libnds/lib/libnds9.a(initSystem.o) (fifoSetValue32Handler)
/opt/devkitPro/libnds/lib/libnds9.a(interrupts.o)
                              rutserv.o (irqSet)
/opt/devkitPro/libnds/lib/libnds9.a(dcache.o)
                              /opt/devkitPro/libnds/lib/libnds9.a(sprite.o) (DC_FlushRange)
/opt/devkitPro/libnds/lib/libnds9.a(biosCalls.o)
                              /opt/devkitPro/libnds/lib/libnds9.a(system.o) (swiDelay)
/opt/devkitPro/libnds/lib/libnds9.a(debugprint.o)
                              /opt/devkitPro/libnds/lib/libnds9.a(console.o) (nocashMessage)
/opt/devkitPro/libnds/lib/libnds9.a(interruptDispatcher.o)
                              /opt/devkitPro/libnds/lib/libnds9.a(interrupts.o) (IntrMain)
/opt/devkitPro/libnds/lib/libnds9.a(default_font.bin.o)
                              /opt/devkitPro/libnds/lib/libnds9.a(console.o) (default_font_bin)
/opt/devkitPro/libnds/lib/libnds9.a(background.o)
                              /opt/devkitPro/libnds/lib/libnds9.a(console.o) (bgState)
/opt/devkitPro/devkitARM/lib/gcc/arm-eabi/4.3.3/../../../../arm-eabi/lib/thumb/libg.a(lib_a-bsearch.o)
                              /opt/devkitPro/libnds/lib/libnds9.a(trig.o) (bsearch)
/opt/devkitPro/devkitARM/lib/gcc/arm-eabi/4.3.3/../../../../arm-eabi/lib/thumb/libg.a(lib_a-impure.o)
                              /opt/devkitPro/libnds/lib/libnds9.a(console.o) (_impure_ptr)
/opt/devkitPro/devkitARM/lib/gcc/arm-eabi/4.3.3/../../../../arm-eabi/lib/thumb/libg.a(lib_a-init.o)
                              /opt/devkitPro/devkitARM/lib/gcc/arm-eabi/4.3.3/../../../../arm-eabi/lib/thumb/ds_arm9_crt0.o (__libc_init_array)
/opt/devkitPro/devkitARM/lib/gcc/arm-eabi/4.3.3/../../../../arm-eabi/lib/thumb/libg.a(lib_a-iprintf.o)
                              main.o (iprintf)
/opt/devkitPro/devkitARM/lib/gcc/arm-eabi/4.3.3/../../../../arm-eabi/lib/thumb/libg.a(lib_a-malloc.o)
                              /opt/devkitPro/libnds/lib/libnds9.a(sprite_alloc.o) (malloc)
/opt/devkitPro/devkitARM/lib/gcc/arm-eabi/4.3.3/../../../../arm-eabi/lib/thumb/libg.a(lib_a-mallocr.o)
                              /opt/devkitPro/devkitARM/lib/gcc/arm-eabi/4.3.3/../../../../arm-eabi/lib/thumb/libg.a(lib_a-malloc.o) (_malloc_r)
/opt/devkitPro/devkitARM/lib/gcc/arm-eabi/4.3.3/../../../../arm-eabi/lib/thumb/libg.a(lib_a-memcpy.o)
                              /opt/devkitPro/libnds/lib/libnds9.a(console.o) (memcpy)
/opt/devkitPro/devkitARM/lib/gcc/arm-eabi/4.3.3/../../../../arm-eabi/lib/thumb/libg.a(lib_a-memset.o)
                              /opt/devkitPro/libnds/lib/libnds9.a(background.o) (memset)
/opt/devkitPro/devkitARM/lib/gcc/arm-eabi/4.3.3/../../../../arm-eabi/lib/thumb/libg.a(lib_a-mlock.o)
                              /opt/devkitPro/devkitARM/lib/gcc/arm-eabi/4.3.3/../../../../arm-eabi/lib/thumb/libg.a(lib_a-mallocr.o) (__malloc_lock)
/opt/devkitPro/devkitARM/lib/gcc/arm-eabi/4.3.3/../../../../arm-eabi/lib/thumb/libg.a(lib_a-realloc.o)
                              /opt/devkitPro/libnds/lib/libnds9.a(sprite_alloc.o) (realloc)
/opt/devkitPro/devkitARM/lib/gcc/arm-eabi/4.3.3/../../../../arm-eabi/lib/thumb/libg.a(lib_a-reallocr.o)
                              /opt/devkitPro/devkitARM/lib/gcc/arm-eabi/4.3.3/../../../../arm-eabi/lib/thumb/libg.a(lib_a-realloc.o) (_realloc_r)
/opt/devkitPro/devkitARM/lib/gcc/arm-eabi/4.3.3/../../../../arm-eabi/lib/thumb/libg.a(lib_a-setvbuf.o)
                              /opt/devkitPro/libnds/lib/libnds9.a(console.o) (setvbuf)
/opt/devkitPro/devkitARM/lib/gcc/arm-eabi/4.3.3/../../../../arm-eabi/lib/thumb/libg.a(lib_a-siscanf.o)
                              /opt/devkitPro/libnds/lib/libnds9.a(console.o) (siscanf)
/opt/devkitPro/devkitARM/lib/gcc/arm-eabi/4.3.3/../../../../arm-eabi/lib/thumb/libg.a(lib_a-strlen.o)
[...]
Memory Configuration

Name             Origin             Length             Attributes
rom              0x08000000         0x02000000
ewram            0x02000000         0x003ff000
dtcm             0x0b000000         0x00004000
vectors          0x01000000         0x00000100
itcm             0x01000100         0x00007f00
*default*        0x00000000         0xffffffff

Linker script and memory map

                0x01000000                __vectors_start = 0x1000000
                0x01000100                __itcm_start = 0x1000100
                0x023ff000                __ewram_end = 0x23ff000
                0x023ff000                __eheap_end = 0x23ff000
                0x0b000000                __dtcm_start = 0xb000000
                0x0b004000                __dtcm_top = 0xb004000
                0x0b003ff8                __irq_flags = (__dtcm_top - 0x8)
                0x0b003ffc                __irq_vector = (__dtcm_top - 0x4)
                0x0b003f00                __sp_svc = (__dtcm_top - 0x100)
                0x0b003e00                __sp_irq = (__sp_svc - 0x100)
                0x0b003d00                __sp_usr = (__sp_irq - 0x100)

.init           0x02000000      0x30c
                0x02000000                __text_start = .
 *(.init)
 .init          0x02000000      0x300 /opt/devkitPro/devkitARM/lib/gcc/arm-eabi/4.3.3/../../../../arm-eabi/lib/thumb/ds_arm9_crt0.o
                0x02000000                _start
 .init          0x02000300        0x4 /opt/devkitPro/devkitARM/lib/gcc/arm-eabi/4.3.3/thumb/crti.o
                0x02000300                _init
 .init          0x02000304        0x8 /opt/devkitPro/devkitARM/lib/gcc/arm-eabi/4.3.3/thumb/crtn.o
                0x0200030c                . = ALIGN (0x4)

.plt
 *(.plt)

.text           0x02000310     0x90c8
 *(EXCLUDE_FILE(*.itcm*) .text)
 .text          0x02000310        0x0 /opt/devkitPro/devkitARM/lib/gcc/arm-eabi/4.3.3/../../../../arm-eabi/lib/thumb/ds_arm9_crt0.o
 .text          0x02000310        0x0 /opt/devkitPro/devkitARM/lib/gcc/arm-eabi/4.3.3/thumb/crti.o
 .text          0x02000310       0x70 /opt/devkitPro/devkitARM/lib/gcc/arm-eabi/4.3.3/thumb/crtbegin.o
 .text          0x02000380        0x0 soundbank.bin.o
 .text          0x02000380        0x0 Dificultad.o
 .text          0x02000380        0x0 Juego.o
 .text          0x02000380        0x0 Jugadores.o
 .text          0x02000380        0x0 Pausa.o
 .text          0x02000380        0x0 PuertaAbierta.o
 .text          0x02000380        0x0 Puerta.o
 .text          0x02000380      0x1a0 fondos.o
                0x02000490                MostrarJuego
                0x020004c0                MostrarDificultad
                0x02000400                MostrarPuerta
                0x02000380                initFondos
                0x020004f0                MostrarPausa
                0x02000460                MostrarJugadores
                0x02000430                MostrarPuertaAbierta
 .text          0x02000520       0x3c graficos.o
                0x02000520                initVideo
 .text          0x0200055c      0x29c main.o
                0x0200055c                main
 .text          0x020007f8       0xd8 rutserv.o
                0x02000884                interrupciones
                0x02000860                DefinirVectorInterrupciones
                0x0200083c                InhibirInterrupciones
                0x0200081c                ProgramarRegistrosControl
                0x020007f8                HabilitarInterrupciones
 .text          0x020008d0      0x3f4 sprites.o
                0x02000bbc                MostrarRombo
                0x02000b24                MostrarRomboGrande
                0x020008d0                establecerPaletaPrincipal
                0x02000b70                BorrarRomboGrande
                0x02000a0c                guardarSpritesEnMemoria
                0x02000a84                BorrarCar
                0x02000ad4                MostrarCar
                0x02000c5c                initSpriteMem
                0x02000c0c                BorrarRombo
 .text          0x02000cc4      0x12c teclado.o
                0x02000cdc                TeclaPulsada
                0x02000d5c                IntTec
                0x02000cc4                DetectarTecla
 .text          0x02000df0      0x340 temporizadores.o
                0x02000df0                IntTemp
 .text          0x02001130      0xa28 /opt/devkitPro/libnds/lib/libnds9.a(console.o)
                0x02001860                con_write
                0x02001130                consoleGetDefault
                0x020016b4                consoleInit
                0x02001608                consoleSetFont
                0x02001b28                nocash_write
                0x020011e4                consolePrintChar
                0x02001654                consoleClear
                0x0200162c                consoleSetWindow
                0x02001138                consoleSelect
                0x02001824                consoleDemoInit
                0x02001390                consoleLoadFont
                0x02001668                consoleDebugInit
 .text          0x02001b58       0xec /opt/devkitPro/libnds/lib/libnds9.a(initSystem.o)
                0x02001b58                initSystem
 .text          0x02001c44      0x484 /opt/devkitPro/libnds/lib/libnds9.a(sprite.o)
                0x02001c44                oamDisable
                0x02001ccc                oamClear
                0x02001ef8                oamRotateScale
                0x02001c98                oamGetGfxPtr
                0x02001c74                oamEnable
                0x02001cf4                oamGfxPtrToOffset
                0x02001f58                oamUpdate
                0x02001fbc                oamInit
                0x02001d2c                oamSet
 .text          0x020020c8      0x364 /opt/devkitPro/libnds/lib/libnds9.a(sprite_alloc.o)
                0x02002104                oamCountFragments
                0x020020c8                resizeBuffer
                0x02002240                oamAllocReset
                0x020020e4                getAllocHeader
                0x0200222c                oamFreeGfx
                0x02002278                simpleAlloc
                0x020023f4                oamAllocateGfx
                0x02002150                simpleFree
 .text          0x0200242c       0xf4 /opt/devkitPro/libnds/lib/libnds9.a(system.o)
                0x020024dc                systemMsgHandler
                0x02002474                powerOn
                0x020024c4                powerValueHandler
                0x0200242c                ledBlink
                0x020024a8                systemSleep
                0x02002444                powerOff
 .text          0x02002520       0x4c /opt/devkitPro/libnds/lib/libnds9.a(touch.o)
                0x02002520                touchRead
                0x02002548                touchReadXY
 .text          0x0200256c      0x264 /opt/devkitPro/libnds/lib/libnds9.a(trig.o)
                0x02002704                arcSinComp
                0x02002734                asinLerp
                0x020026c4                tanLerp
                0x0200256c                sinLutLookup
                0x02002678                tanLutLookup
                0x0200265c                cosLerp
                0x020027b4                acosLerp
                0x020025bc                sinLerp
 .text          0x020027d0      0x144 /opt/devkitPro/libnds/lib/libnds9.a(video.o)
                0x02002884                vramSetBankF
                0x02002814                vramRestoreMainBanks
                0x020028ac                vramSetBankH
                0x0200285c                vramSetBankD
                0x02002870                vramSetBankE
                0x020028d4                setBrightness
                0x02002898                vramSetBankG
                0x02002834                vramSetBankB
                0x02002848                vramSetBankC
                0x020028c0                vramSetBankI
                0x020027d0                vramSetMainBanks
                0x02002820                vramSetBankA
 .text          0x02002914     0x18b8 /opt/devkitPro/libnds/lib/libnds9.a(fifosystem.o)
                0x020038b0                fifoInternalRecvPopFirst
                0x0200299c                fifoCheckValue32
                0x02002aac                fifoCheckDatamsgLength
                0x020032a4                fifoGetLostWordCount
                0x02003214                fifoGetBufferUsage
                0x02003f74                fifoSendValue32
                0x02003e84                fifoInternalSend
                0x02002f7c                fifoGetDatamsg
                0x02002d94                fifoGetValue32
                0x02002bac                fifoGetAddress
                0x02002b3c                fifoCountDatamsg
                0x02002ee4                fifoForceValue32Handler
                0x02002a24                fifoCheckDatamsg
                0x02003850                fifoInternalRecvPeek
                0x02003da4                fifoInternalAllocFreeBlock
                0x02002d6c                fifoSetAddressHandler
                0x02003810                fifoInternalProtect
                0x02003158                fifoForceDatamsgHandler
                0x02003cb8                fifoInternalSendEnqueue
                0x02003f1c                fifoSendDatamsg
                0x02003af0                fifoInternalSendEmpty
                0x02003c3c                fifoInternalSendInterrupt
                0x02003fbc                fifoSendAddress
                0x02003b00                fifoInternalSendDeque
                0x020032b0                fifoInternalRecvInterrupt
                0x02002914                fifoCheckAddress
                0x02003df8                fifoInternalFreeCheck
                0x02003984                fifoInternalRecvWordCount
                0x02003a04                fifoInternalRecvPushBack
                0x0200382c                fifoInternalUnprotect
                0x02002cfc                fifoForceAddressHandler
                0x02002f54                fifoSetValue32Handler
                0x02003bd4                fifoInternalBeginSend
                0x02003ff8                fifoInit
                0x020031ec                fifoSetDatamsgHandler
                0x02003dd4                fifoInternalFreeBlock
 .text          0x020041cc      0x1a8 /opt/devkitPro/libnds/lib/libnds9.a(interrupts.o)
                0x020042ac                irqEnable
                0x020041d0                irqSet
                0x020042f8                irqDisable
                0x02004230                irqInit
                0x020041cc                irqDummy
                0x0200427c                irqInitHandler
                0x02004344                irqClear
 .text          0x02004374       0x70 /opt/devkitPro/libnds/lib/libnds9.a(dcache.o)
                0x02004374                DC_FlushAll
                0x020043a0                DC_FlushRange
                0x020043c8                DC_InvalidateRange
                0x020043bc                DC_InvalidateAll
 *fill*         0x020043e4        0xc ff
 .text          0x020043f0       0x70 /opt/devkitPro/libnds/lib/libnds9.a(biosCalls.o)
                0x02004400                swiSleep
                0x0200443a                swiDecompressLZSSVram
                0x02004422                swiFastCopy
                0x02004426                swiSqrt
                0x020043f0                swiSoftReset
                0x0200442a                swiCRC16
                0x0200443e                swiDecompressHuffman
                0x02004456                swiSetHaltCR
                0x0200440c                swiRemainder
                0x02004432                swiUnpackBits
                0x02004436                swiDecompressLZSSWram
                0x02004452                swiDecodeDelta16
                0x020043f4                swiDelay
                0x02004412                swiDivMod
                0x02004446                swiDecompressRLEVram
                0x02004442                swiDecompressRLEWram
                0x0200444e                swiDecodeDelta8
                0x02004408                swiDivide
                0x02004404                swiChangeSoundBias
                0x020043fc                swiWaitForVBlank
                0x020043f8                swiIntrWait
                0x0200442e                swiIsDebugger
                0x0200444a                swiWaitForIRQ
                0x0200441e                swiCopy
 .text          0x02004460       0x98 /opt/devkitPro/libnds/lib/libnds9.a(debugprint.o)
                0x02004460                nocashMessage
 .text          0x020044f8        0x0 /opt/devkitPro/libnds/lib/libnds9.a(interruptDispatcher.o)
 .text          0x020044f8        0x0 /opt/devkitPro/libnds/lib/libnds9.a(default_font.bin.o)
 .text          0x020044f8      0x320 /opt/devkitPro/libnds/lib/libnds9.a(background.o)
                0x02004554                bgUpdate
                0x02004748                bgInit_call
                0x02004504                checkIfText
                0x0200464c                bgInitSub_call
                0x020044f8                bgIsText
 .text          0x02004818       0x5c /opt/devkitPro/devkitARM/lib/gcc/arm-eabi/4.3.3/../../../../arm-eabi/lib/thumb/libg.a(lib_a-bsearch.o)
                0x02004818                bsearch
 .text          0x02004874        0x0 /opt/devkitPro/devkitARM/lib/gcc/arm-eabi/4.3.3/../../../../arm-eabi/lib/thumb/libg.a(lib_a-impure.o)
 .text          0x02004874       0x88 /opt/devkitPro/devkitARM/lib/gcc/arm-eabi/4.3.3/../../../../arm-eabi/lib/thumb/libg.a(lib_a-init.o)
                0x020048a4                __libc_init_array
                0x02004874                __libc_fini_array
 .text          0x020048fc       0x3c /opt/devkitPro/devkitARM/lib/gcc/arm-eabi/4.3.3/../../../../arm-eabi/lib/thumb/libg.a(lib_a-iprintf.o)
                0x020048fc                _iprintf_r
                0x02004914                iprintf
 .text          0x02004938       0x30 /opt/devkitPro/devkitARM/lib/gcc/arm-eabi/4.3.3/../../../../arm-eabi/lib/thumb/libg.a(lib_a-malloc.o)
                0x02004950                malloc
                0x02004938                free
 .text          0x02004968      0x510 /opt/devkitPro/devkitARM/lib/gcc/arm-eabi/4.3.3/../../../../arm-eabi/lib/thumb/libg.a(lib_a-mallocr.o)
                0x02004968                _malloc_r
 .text          0x02004e78       0x88 /opt/devkitPro/devkitARM/lib/gcc/arm-eabi/4.3.3/../../../../arm-eabi/lib/thumb/libg.a(lib_a-memcpy.o)
                0x02004e78                memcpy
 .text          0x02004f00       0xb0 /opt/devkitPro/devkitARM/lib/gcc/arm-eabi/4.3.3/../../../../arm-eabi/lib/thumb/libg.a(lib_a-memset.o)
                0x02004f00                memset
 .text          0x02004fb0        0x8 /opt/devkitPro/devkitARM/lib/gcc/arm-eabi/4.3.3/../../../../arm-eabi/lib/thumb/libg.a(lib_a-mlock.o)
                0x02004fb4                __malloc_unlock
                0x02004fb0                __malloc_lock
 .text          0x02004fb8       0x1c /opt/devkitPro/devkitARM/lib/gcc/arm-eabi/4.3.3/../../../../arm-eabi/lib/thumb/libg.a(lib_a-realloc.o)
                0x02004fb8                realloc
 .text          0x02004fd4      0x340 /opt/devkitPro/devkitARM/lib/gcc/arm-eabi/4.3.3/../../../../arm-eabi/lib/thumb/libg.a(lib_a-reallocr.o)
                0x02004fd4                _realloc_r
 .text          0x02005314      0x114 /opt/devkitPro/devkitARM/lib/gcc/arm-eabi/4.3.3/../../../../arm-eabi/lib/thumb/libg.a(lib_a-setvbuf.o)
                0x02005314                setvbuf
 .text          0x02005428       0xa4 /opt/devkitPro/devkitARM/lib/gcc/arm-eabi/4.3.3/../../../../arm-eabi/lib/thumb/libg.a(lib_a-siscanf.o)
                0x0200542c                _siscanf_r
                0x0200547c                siscanf
 .text          0x020054cc       0x60 /opt/devkitPro/devkitARM/lib/gcc/arm-eabi/4.3.3/../../../../arm-eabi/lib/thumb/libg.a(lib_a-strlen.o)
                0x020054cc                strlen
 .text          0x0200552c      0x8fc /opt/devkitPro/devkitARM/lib/gcc/arm-eabi/4.3.3/../../../../arm-eabi/lib/thumb/libg.a(lib_a-svfiscanf.o)
                0x02005600                __ssvfiscanf_r
 .text          0x02005e28      0x1a0 /opt/devkitPro/devkitARM/lib/gcc/arm-eabi/4.3.3/../../../../arm-eabi/lib/thumb/libg.a(lib_a-ungetc.o)
                0x02005fac                ungetc
                0x02005e28                __submore
                0x02005ea4                _ungetc_r
 .text          0x02005fc8      0xc44 /opt/devkitPro/devkitARM/lib/gcc/arm-eabi/4.3.3/../../../../arm-eabi/lib/thumb/libg.a(lib_a-vfiprintf.o)
                0x02006be8                vfiprintf
                0x02005fe8                _vfiprintf_r
 .text          0x02006c0c       0x68 /opt/devkitPro/devkitARM/lib/gcc/arm-eabi/4.3.3/../../../../arm-eabi/lib/thumb/libg.a(lib_a-wcrtomb.o)
                0x02006c0c                _wcrtomb_r
                0x02006c50                wcrtomb
 .text          0x02006c74      0x108 /opt/devkitPro/devkitARM/lib/gcc/arm-eabi/4.3.3/../../../../arm-eabi/lib/thumb/libg.a(lib_a-wcsrtombs.o)
                0x02006c74                _wcsrtombs_r
                0x02006d54                wcsrtombs
 .text          0x02006d7c      0x2c8 /opt/devkitPro/devkitARM/lib/gcc/arm-eabi/4.3.3/../../../../arm-eabi/lib/thumb/libg.a(lib_a-wctomb_r.o)
                0x02006d7c                _wctomb_r
 .text          0x02007044       0xc8 /opt/devkitPro/devkitARM/lib/gcc/arm-eabi/4.3.3/../../../../arm-eabi/lib/thumb/libg.a(lib_a-wsetup.o)
                0x02007044                __swsetup_r
 .text          0x0200710c        0x0 /opt/devkitPro/devkitARM/lib/gcc/arm-eabi/4.3.3/../../../../arm-eabi/lib/thumb/libg.a(lib_a-ctype_.o)
 .text          0x0200710c      0x150 /opt/devkitPro/devkitARM/lib/gcc/arm-eabi/4.3.3/../../../../arm-eabi/lib/thumb/libg.a(lib_a-fflush.o)
                0x02007228                fflush
                0x0200710c                _fflush_r
 .text          0x0200725c      0x1f0 /opt/devkitPro/devkitARM/lib/gcc/arm-eabi/4.3.3/../../../../arm-eabi/lib/thumb/libg.a(lib_a-findfp.o)
                0x02007328                __sinit
                0x02007384                __sfmoreglue
                0x020072c0                _cleanup
                0x020072ac                _cleanup_r
                0x02007290                __fp_lock_all
                0x0200725c                __sfp_lock_acquire
                0x020073b8                __sfp
                0x02007268                __sinit_lock_release
                0x02007274                __fp_unlock_all
                0x02007260                __sfp_lock_release
                0x02007264                __sinit_lock_acquire
 .text          0x0200744c      0x23c /opt/devkitPro/devkitARM/lib/gcc/arm-eabi/4.3.3/../../../../arm-eabi/lib/thumb/libg.a(lib_a-freer.o)
                0x020074f4                _free_r
                0x0200744c                _malloc_trim_r
 .text          0x02007688      0x318 /opt/devkitPro/devkitARM/lib/gcc/arm-eabi/4.3.3/../../../../arm-eabi/lib/thumb/libg.a(lib_a-fvwrite.o)
                0x02007688                __sfvwrite_r
 .text          0x020079a0       0xc8 /opt/devkitPro/devkitARM/lib/gcc/arm-eabi/4.3.3/../../../../arm-eabi/lib/thumb/libg.a(lib_a-fwalk.o)
                0x02007a08                _fwalk
                0x020079a0                _fwalk_reent
 .text          0x02007a68       0xec /opt/devkitPro/devkitARM/lib/gcc/arm-eabi/4.3.3/../../../../arm-eabi/lib/thumb/libg.a(lib_a-iswspace.o)
                0x02007a68                iswspace
 .text          0x02007b54      0x178 /opt/devkitPro/devkitARM/lib/gcc/arm-eabi/4.3.3/../../../../arm-eabi/lib/thumb/libg.a(lib_a-jp2uc.o)
                0x02007b54                __jp2uc
 .text          0x02007ccc      0x28c /opt/devkitPro/devkitARM/lib/gcc/arm-eabi/4.3.3/../../../../arm-eabi/lib/thumb/libg.a(lib_a-locale.o)
                0x02007ce8                _setlocale_r
                0x02007ccc                __locale_charset
                0x02007cd8                _localeconv_r
                0x02007f3c                setlocale
                0x02007ce0                localeconv
 .text          0x02007f58       0xe8 /opt/devkitPro/devkitARM/lib/gcc/arm-eabi/4.3.3/../../../../arm-eabi/lib/thumb/libg.a(lib_a-makebuf.o)
                0x02007f58                __smakebuf_r
 .text          0x02008040       0x70 /opt/devkitPro/devkitARM/lib/gcc/arm-eabi/4.3.3/../../../../arm-eabi/lib/thumb/libg.a(lib_a-mbrtowc.o)
                0x02008088                mbrtowc
                0x02008040                _mbrtowc_r
 .text          0x020080b0      0x69c /opt/devkitPro/devkitARM/lib/gcc/arm-eabi/4.3.3/../../../../arm-eabi/lib/thumb/libg.a(lib_a-mbtowc_r.o)
                0x020080b0                _mbtowc_r
 .text          0x0200874c       0x8c /opt/devkitPro/devkitARM/lib/gcc/arm-eabi/4.3.3/../../../../arm-eabi/lib/thumb/libg.a(lib_a-memchr.o)
                0x0200874c                memchr
 .text          0x020087d8       0xb0 /opt/devkitPro/devkitARM/lib/gcc/arm-eabi/4.3.3/../../../../arm-eabi/lib/thumb/libg.a(lib_a-memmove.o)
                0x020087d8                memmove
 .text          0x02008888       0x78 /opt/devkitPro/devkitARM/lib/gcc/arm-eabi/4.3.3/../../../../arm-eabi/lib/thumb/libg.a(lib_a-sccl.o)
                0x02008888                __sccl
 .text          0x02008900       0xb8 /opt/devkitPro/devkitARM/lib/gcc/arm-eabi/4.3.3/../../../../arm-eabi/lib/thumb/libg.a(lib_a-stdio.o)
                0x02008914                __sseek
                0x02008988                __sread
                0x02008900                __sclose
                0x02008948                __swrite
 .text          0x020089b8       0x5c /opt/devkitPro/devkitARM/lib/gcc/arm-eabi/4.3.3/../../../../arm-eabi/lib/thumb/libg.a(lib_a-strcmp.o)
                0x020089b8                strcmp
 .text          0x02008a14       0x48 /opt/devkitPro/devkitARM/lib/gcc/arm-eabi/4.3.3/../../../../arm-eabi/lib/thumb/libg.a(lib_a-strcpy.o)
                0x02008a14                strcpy
 .text          0x02008a5c      0x18c /opt/devkitPro/devkitARM/lib/gcc/arm-eabi/4.3.3/../../../../arm-eabi/lib/thumb/libg.a(lib_a-strtol.o)
                0x02008bc4                strtol
                0x02008a5c                _strtol_r
 .text          0x02008be8      0x190 /opt/devkitPro/devkitARM/lib/gcc/arm-eabi/4.3.3/../../../../arm-eabi/lib/thumb/libg.a(lib_a-strtoul.o)
                0x02008d54                strtoul
                0x02008be8                _strtoul_r
 .text          0x02008d78       0xc0 /opt/devkitPro/devkitARM/lib/gcc/arm-eabi/4.3.3/../../../../arm-eabi/lib/thumb/libg.a(lib_a-fclose.o)
                0x02008d78                _fclose_r
                0x02008e1c                fclose
 .text          0x02008e38      0x134 /opt/devkitPro/devkitARM/lib/gcc/arm-eabi/4.3.3/../../../../arm-eabi/lib/thumb/libsysbase.a(iosupport.o)
                0x02008f48                RemoveDevice
                0x02008e38                setDefaultDevice
                0x02008e4c                AddDevice
                0x02008f28                GetDeviceOpTab
                0x02008ec4                FindDevice
 .text          0x02008f6c       0x54 /opt/devkitPro/devkitARM/lib/gcc/arm-eabi/4.3.3/../../../../arm-eabi/lib/thumb/libsysbase.a(close.o)
                0x02008f6c                _close_r
 .text          0x02008fc0       0x5c /opt/devkitPro/devkitARM/lib/gcc/arm-eabi/4.3.3/../../../../arm-eabi/lib/thumb/libsysbase.a(fstat.o)
                0x02008fc0                _fstat_r
 .text          0x0200901c        0x4 /opt/devkitPro/devkitARM/lib/gcc/arm-eabi/4.3.3/../../../../arm-eabi/lib/thumb/libsysbase.a(isatty.o)
                0x0200901c                _isatty_r
 .text          0x02009020       0x54 /opt/devkitPro/devkitARM/lib/gcc/arm-eabi/4.3.3/../../../../arm-eabi/lib/thumb/libsysbase.a(lseek.o)
                0x02009020                _lseek_r
 .text          0x02009074       0x54 /opt/devkitPro/devkitARM/lib/gcc/arm-eabi/4.3.3/../../../../arm-eabi/lib/thumb/libsysbase.a(read.o)
                0x02009074                _read_r
 .text          0x020090c8       0x54 /opt/devkitPro/devkitARM/lib/gcc/arm-eabi/4.3.3/../../../../arm-eabi/lib/thumb/libsysbase.a(sbrk.o)
                0x020090c8                _sbrk_r
 .text          0x0200911c       0x4c /opt/devkitPro/devkitARM/lib/gcc/arm-eabi/4.3.3/../../../../arm-eabi/lib/thumb/libsysbase.a(times.o)
                0x02009124                _gettimeofday_r
                0x0200911c                _times_r
                0x02009150                _times
 .text          0x02009168       0x54 /opt/devkitPro/devkitARM/lib/gcc/arm-eabi/4.3.3/../../../../arm-eabi/lib/thumb/libsysbase.a(write.o)
                0x02009168                _write_r
 .text          0x020091bc        0x0 /opt/devkitPro/devkitARM/lib/gcc/arm-eabi/4.3.3/../../../../arm-eabi/lib/thumb/libsysbase.a(malloc_vars.o)
 .text          0x020091bc       0x54 /opt/devkitPro/devkitARM/lib/gcc/arm-eabi/4.3.3/../../../../arm-eabi/lib/thumb/libsysbase.a(build_argv.o)
                0x020091bc                build_argv
 .text          0x02009210       0x90 /opt/devkitPro/devkitARM/lib/gcc/arm-eabi/4.3.3/../../../../arm-eabi/lib/thumb/libsysbase.a(handle_manager.o)
                0x02009270                __release_handle
                0x02009230                __alloc_handle
                0x02009210                __get_handle
 .text          0x020092a0       0x8c /opt/devkitPro/devkitARM/lib/gcc/arm-eabi/4.3.3/thumb/libgcc.a(_udivsi3.o)
                0x020092a0                __udivsi3
                0x020092a0                __aeabi_uidiv
                0x0200931c                __aeabi_uidivmod
 .text          0x0200932c        0x4 /opt/devkitPro/devkitARM/lib/gcc/arm-eabi/4.3.3/thumb/libgcc.a(_dvmd_tls.o)
                0x0200932c                __aeabi_ldiv0
                0x0200932c                __div0
                0x0200932c                __aeabi_idiv0
 .text          0x02009330        0xc /opt/devkitPro/devkitARM/lib/gcc/arm-eabi/4.3.3/../../../../arm-eabi/lib/thumb/libg.a(lib_a-errno.o)
                0x02009330                __errno
 .text          0x0200933c       0x9c /opt/devkitPro/devkitARM/lib/gcc/arm-eabi/4.3.3/../../../../arm-eabi/lib/thumb/libg.a(lib_a-strncmp.o)
                0x0200933c                strncmp
 .text          0x020093d8        0x0 /opt/devkitPro/devkitARM/lib/gcc/arm-eabi/4.3.3/thumb/crtend.o
 .text          0x020093d8        0x0 /opt/devkitPro/devkitARM/lib/gcc/arm-eabi/4.3.3/thumb/crtn.o
 *(.text.*)
 *(.stub)
 *(.gnu.warning)
 *(.gnu.linkonce.t*)
 *(.glue_7)
 .glue_7        0x020093d8        0x0 /opt/devkitPro/devkitARM/lib/gcc/arm-eabi/4.3.3/../../../../arm-eabi/lib/thumb/ds_arm9_crt0.o
 .glue_7        0x020093d8        0x0 /opt/devkitPro/devkitARM/lib/gcc/arm-eabi/4.3.3/thumb/crti.o
 .glue_7        0x020093d8        0x0 /opt/devkitPro/devkitARM/lib/gcc/arm-eabi/4.3.3/thumb/crtbegin.o
 .glue_7        0x020093d8        0x0 soundbank.bin.o
 .glue_7        0x020093d8        0x0 Dificultad.o
 .glue_7        0x020093d8        0x0 Juego.o
 .glue_7        0x020093d8        0x0 Jugadores.o
 .glue_7        0x020093d8        0x0 Pausa.o
 .glue_7        0x020093d8        0x0 PuertaAbierta.o
 .glue_7        0x020093d8        0x0 Puerta.o
 .glue_7        0x020093d8        0x0 fondos.o
 .glue_7        0x020093d8        0x0 graficos.o
 .glue_7        0x020093d8        0x0 main.o
 .glue_7        0x020093d8        0x0 rutserv.o
 .glue_7        0x020093d8        0x0 sprites.o
 .glue_7        0x020093d8        0x0 teclado.o
 .glue_7        0x020093d8        0x0 temporizadores.o
 .glue_7        0x020093d8        0x0 /opt/devkitPro/libnds/lib/libnds9.a(console.o)
 .glue_7        0x020093d8        0x0 /opt/devkitPro/libnds/lib/libnds9.a(initSystem.o)
 .glue_7        0x020093d8        0x0 /opt/devkitPro/libnds/lib/libnds9.a(sprite.o)
 .glue_7        0x020093d8        0x0 /opt/devkitPro/libnds/lib/libnds9.a(sprite_alloc.o)
 .glue_7        0x020093d8        0x0 /opt/devkitPro/libnds/lib/libnds9.a(system.o)
 .glue_7        0x020093d8        0x0 /opt/devkitPro/libnds/lib/libnds9.a(touch.o)
 .glue_7        0x020093d8        0x0 /opt/devkitPro/libnds/lib/libnds9.a(trig.o)
 .glue_7        0x020093d8        0x0 /opt/devkitPro/libnds/lib/libnds9.a(video.o)
 .glue_7        0x020093d8        0x0 /opt/devkitPro/libnds/lib/libnds9.a(fifosystem.o)
 .glue_7        0x020093d8        0x0 /opt/devkitPro/libnds/lib/libnds9.a(interrupts.o)
 .glue_7        0x020093d8        0x0 /opt/devkitPro/libnds/lib/libnds9.a(dcache.o)
 .glue_7        0x020093d8        0x0 /opt/devkitPro/libnds/lib/libnds9.a(biosCalls.o)
 .glue_7        0x020093d8        0x0 /opt/devkitPro/libnds/lib/libnds9.a(debugprint.o)
 .glue_7        0x020093d8        0x0 /opt/devkitPro/libnds/lib/libnds9.a(interruptDispatcher.o)
 .glue_7        0x020093d8        0x0 /opt/devkitPro/libnds/lib/libnds9.a(default_font.bin.o)
 .glue_7        0x020093d8        0x0 /opt/devkitPro/libnds/lib/libnds9.a(background.o)
 .glue_7        0x020093d8        0x0 /opt/devkitPro/devkitARM/lib/gcc/arm-eabi/4.3.3/../../../../arm-eabi/lib/thumb/libg.a(lib_a-bsearch.o)
 .glue_7        0x020093d8        0x0 /opt/devkitPro/devkitARM/lib/gcc/arm-eabi/4.3.3/../../../../arm-eabi/lib/thumb/libg.a(lib_a-impure.o)
 .glue_7        0x020093d8        0x0 /opt/devkitPro/devkitARM/lib/gcc/arm-eabi/4.3.3/../../../../arm-eabi/lib/thumb/libg.a(lib_a-init.o)
 .glue_7        0x020093d8        0x0 /opt/devkitPro/devkitARM/lib/gcc/arm-eabi/4.3.3/../../../../arm-eabi/lib/thumb/libg.a(lib_a-iprintf.o)
 .glue_7        0x020093d8        0x0 /opt/devkitPro/devkitARM/lib/gcc/arm-eabi/4.3.3/../../../../arm-eabi/lib/thumb/libg.a(lib_a-malloc.o)
 .glue_7        0x020093d8        0x0 /opt/devkitPro/devkitARM/lib/gcc/arm-eabi/4.3.3/../../../../arm-eabi/lib/thumb/libg.a(lib_a-mallocr.o)
 .glue_7        0x020093d8        0x0 /opt/devkitPro/devkitARM/lib/gcc/arm-eabi/4.3.3/../../../../arm-eabi/lib/thumb/libg.a(lib_a-memcpy.o)
 .glue_7        0x020093d8        0x0 /opt/devkitPro/devkitARM/lib/gcc/arm-eabi/4.3.3/../../../../arm-eabi/lib/thumb/libg.a(lib_a-memset.o)
 .glue_7        0x020093d8        0x0 /opt/devkitPro/devkitARM/lib/gcc/arm-eabi/4.3.3/../../../../arm-eabi/lib/thumb/libg.a(lib_a-mlock.o)
 .glue_7        0x020093d8        0x0 /opt/devkitPro/devkitARM/lib/gcc/arm-eabi/4.3.3/../../../../arm-eabi/lib/thumb/libg.a(lib_a-realloc.o)
 .glue_7        0x020093d8        0x0 /opt/devkitPro/devkitARM/lib/gcc/arm-eabi/4.3.3/../../../../arm-eabi/lib/thumb/libg.a(lib_a-reallocr.o)
 .glue_7        0x020093d8        0x0 /opt/devkitPro/devkitARM/lib/gcc/arm-eabi/4.3.3/../../../../arm-eabi/lib/thumb/libg.a(lib_a-setvbuf.o)
 .glue_7        0x020093d8        0x0 /opt/devkitPro/devkitARM/lib/gcc/arm-eabi/4.3.3/../../../../arm-eabi/lib/thumb/libg.a(lib_a-siscanf.o)
 .glue_7        0x020093d8        0x0 /opt/devkitPro/devkitARM/lib/gcc/arm-eabi/4.3.3/../../../../arm-eabi/lib/thumb/libg.a(lib_a-strlen.o)
 .glue_7        0x020093d8        0x0 /opt/devkitPro/devkitARM/lib/gcc/arm-eabi/4.3.3/../../../../arm-eabi/lib/thumb/libg.a(lib_a-svfiscanf.o)
 .glue_7        0x020093d8        0x0 /opt/devkitPro/devkitARM/lib/gcc/arm-eabi/4.3.3/../../../../arm-eabi/lib/thumb/libg.a(lib_a-ungetc.o)
 .glue_7        0x020093d8        0x0 /opt/devkitPro/devkitARM/lib/gcc/arm-eabi/4.3.3/../../../../arm-eabi/lib/thumb/libg.a(lib_a-vfiprintf.o)
 .glue_7        0x020093d8        0x0 /opt/devkitPro/devkitARM/lib/gcc/arm-eabi/4.3.3/../../../../arm-eabi/lib/thumb/libg.a(lib_a-wcrtomb.o)
 .glue_7        0x020093d8        0x0 /opt/devkitPro/devkitARM/lib/gcc/arm-eabi/4.3.3/../../../../arm-eabi/lib/thumb/libg.a(lib_a-wcsrtombs.o)
 .glue_7        0x020093d8        0x0 /opt/devkitPro/devkitARM/lib/gcc/arm-eabi/4.3.3/../../../../arm-eabi/lib/thumb/libg.a(lib_a-wctomb_r.o)
 .glue_7        0x020093d8        0x0 /opt/devkitPro/devkitARM/lib/gcc/arm-eabi/4.3.3/../../../../arm-eabi/lib/thumb/libg.a(lib_a-wsetup.o)
 .glue_7        0x020093d8        0x0 /opt/devkitPro/devkitARM/lib/gcc/arm-eabi/4.3.3/../../../../arm-eabi/lib/thumb/libg.a(lib_a-ctype_.o)
 .glue_7        0x020093d8        0x0 /opt/devkitPro/devkitARM/lib/gcc/arm-eabi/4.3.3/../../../../arm-eabi/lib/thumb/libg.a(lib_a-fflush.o)
 .glue_7        0x020093d8        0x0 /opt/devkitPro/devkitARM/lib/gcc/arm-eabi/4.3.3/../../../../arm-eabi/lib/thumb/libg.a(lib_a-findfp.o)
 .glue_7        0x020093d8        0x0 /opt/devkitPro/devkitARM/lib/gcc/arm-eabi/4.3.3/../../../../arm-eabi/lib/thumb/libg.a(lib_a-freer.o)
 .glue_7        0x020093d8        0x0 /opt/devkitPro/devkitARM/lib/gcc/arm-eabi/4.3.3/../../../../arm-eabi/lib/thumb/libg.a(lib_a-fvwrite.o)
 .glue_7        0x020093d8        0x0 /opt/devkitPro/devkitARM/lib/gcc/arm-eabi/4.3.3/../../../../arm-eabi/lib/thumb/libg.a(lib_a-fwalk.o)
 .glue_7        0x020093d8        0x0 /opt/devkitPro/devkitARM/lib/gcc/arm-eabi/4.3.3/../../../../arm-eabi/lib/thumb/libg.a(lib_a-iswspace.o)
 .glue_7        0x020093d8        0x0 /opt/devkitPro/devkitARM/lib/gcc/arm-eabi/4.3.3/../../../../arm-eabi/lib/thumb/libg.a(lib_a-jp2uc.o)
 .glue_7        0x020093d8        0x0 /opt/devkitPro/devkitARM/lib/gcc/arm-eabi/4.3.3/../../../../arm-eabi/lib/thumb/libg.a(lib_a-locale.o)
 .glue_7        0x020093d8        0x0 /opt/devkitPro/devkitARM/lib/gcc/arm-eabi/4.3.3/../../../../arm-eabi/lib/thumb/libg.a(lib_a-makebuf.o)
 .glue_7        0x020093d8        0x0 /opt/devkitPro/devkitARM/lib/gcc/arm-eabi/4.3.3/../../../../arm-eabi/lib/thumb/libg.a(lib_a-mbrtowc.o)
 .glue_7        0x020093d8        0x0 /opt/devkitPro/devkitARM/lib/gcc/arm-eabi/4.3.3/../../../../arm-eabi/lib/thumb/libg.a(lib_a-mbtowc_r.o)
 .glue_7        0x020093d8        0x0 /opt/devkitPro/devkitARM/lib/gcc/arm-eabi/4.3.3/../../../../arm-eabi/lib/thumb/libg.a(lib_a-memchr.o)
 .glue_7        0x020093d8        0x0 /opt/devkitPro/devkitARM/lib/gcc/arm-eabi/4.3.3/../../../../arm-eabi/lib/thumb/libg.a(lib_a-memmove.o)
 .glue_7        0x020093d8        0x0 /opt/devkitPro/devkitARM/lib/gcc/arm-eabi/4.3.3/../../../../arm-eabi/lib/thumb/libg.a(lib_a-sccl.o)
 .glue_7        0x020093d8        0x0 /opt/devkitPro/devkitARM/lib/gcc/arm-eabi/4.3.3/../../../../arm-eabi/lib/thumb/libg.a(lib_a-stdio.o)
 .glue_7        0x020093d8        0x0 /opt/devkitPro/devkitARM/lib/gcc/arm-eabi/4.3.3/../../../../arm-eabi/lib/thumb/libg.a(lib_a-strcmp.o)
 .glue_7        0x020093d8        0x0 /opt/devkitPro/devkitARM/lib/gcc/arm-eabi/4.3.3/../../../../arm-eabi/lib/thumb/libg.a(lib_a-strcpy.o)
 .glue_7        0x020093d8        0x0 /opt/devkitPro/devkitARM/lib/gcc/arm-eabi/4.3.3/../../../../arm-eabi/lib/thumb/libg.a(lib_a-strtol.o)
 .glue_7        0x020093d8        0x0 /opt/devkitPro/devkitARM/lib/gcc/arm-eabi/4.3.3/../../../../arm-eabi/lib/thumb/libg.a(lib_a-strtoul.o)
 .glue_7        0x020093d8        0x0 /opt/devkitPro/devkitARM/lib/gcc/arm-eabi/4.3.3/../../../../arm-eabi/lib/thumb/libg.a(lib_a-fclose.o)
 .glue_7        0x020093d8        0x0 /opt/devkitPro/devkitARM/lib/gcc/arm-eabi/4.3.3/../../../../arm-eabi/lib/thumb/libsysbase.a(iosupport.o)
 .glue_7        0x020093d8        0x0 /opt/devkitPro/devkitARM/lib/gcc/arm-eabi/4.3.3/../../../../arm-eabi/lib/thumb/libsysbase.a(close.o)
 .glue_7        0x020093d8        0x0 /opt/devkitPro/devkitARM/lib/gcc/arm-eabi/4.3.3/../../../../arm-eabi/lib/thumb/libsysbase.a(fstat.o)
 .glue_7        0x020093d8        0x0 /opt/devkitPro/devkitARM/lib/gcc/arm-eabi/4.3.3/../../../../arm-eabi/lib/thumb/libsysbase.a(isatty.o)
 .glue_7        0x020093d8        0x0 /opt/devkitPro/devkitARM/lib/gcc/arm-eabi/4.3.3/../../../../arm-eabi/lib/thumb/libsysbase.a(lseek.o)
 .glue_7        0x020093d8        0x0 /opt/devkitPro/devkitARM/lib/gcc/arm-eabi/4.3.3/../../../../arm-eabi/lib/thumb/libsysbase.a(read.o)
 .glue_7        0x020093d8        0x0 /opt/devkitPro/devkitARM/lib/gcc/arm-eabi/4.3.3/../../../../arm-eabi/lib/thumb/libsysbase.a(sbrk.o)
 .glue_7        0x020093d8        0x0 /opt/devkitPro/devkitARM/lib/gcc/arm-eabi/4.3.3/../../../../arm-eabi/lib/thumb/libsysbase.a(times.o)
 .glue_7        0x020093d8        0x0 /opt/devkitPro/devkitARM/lib/gcc/arm-eabi/4.3.3/../../../../arm-eabi/lib/thumb/libsysbase.a(write.o)
 .glue_7        0x020093d8        0x0 /opt/devkitPro/devkitARM/lib/gcc/arm-eabi/4.3.3/../../../../arm-eabi/lib/thumb/libsysbase.a(malloc_vars.o)
 .glue_7        0x020093d8        0x0 /opt/devkitPro/devkitARM/lib/gcc/arm-eabi/4.3.3/../../../../arm-eabi/lib/thumb/libsysbase.a(build_argv.o)
 .glue_7        0x020093d8        0x0 /opt/devkitPro/devkitARM/lib/gcc/arm-eabi/4.3.3/../../../../arm-eabi/lib/thumb/libsysbase.a(handle_manager.o)
 .glue_7        0x020093d8        0x0 /opt/devkitPro/devkitARM/lib/gcc/arm-eabi/4.3.3/thumb/libgcc.a(_udivsi3.o)
 .glue_7        0x020093d8        0x0 /opt/devkitPro/devkitARM/lib/gcc/arm-eabi/4.3.3/thumb/libgcc.a(_dvmd_tls.o)
 .glue_7        0x020093d8        0x0 /opt/devkitPro/devkitARM/lib/gcc/arm-eabi/4.3.3/../../../../arm-eabi/lib/thumb/libg.a(lib_a-errno.o)
 .glue_7        0x020093d8        0x0 /opt/devkitPro/devkitARM/lib/gcc/arm-eabi/4.3.3/../../../../arm-eabi/lib/thumb/libg.a(lib_a-strncmp.o)
 .glue_7        0x020093d8        0x0 /opt/devkitPro/devkitARM/lib/gcc/arm-eabi/4.3.3/thumb/crtend.o
 .glue_7        0x020093d8        0x0 /opt/devkitPro/devkitARM/lib/gcc/arm-eabi/4.3.3/thumb/crtn.o
 *(.glue_7t)
 .glue_7t       0x020093d8        0x0 /opt/devkitPro/devkitARM/lib/gcc/arm-eabi/4.3.3/../../../../arm-eabi/lib/thumb/ds_arm9_crt0.o
 .glue_7t       0x020093d8        0x0 /opt/devkitPro/devkitARM/lib/gcc/arm-eabi/4.3.3/thumb/crti.o
 .glue_7t       0x020093d8        0x0 /opt/devkitPro/devkitARM/lib/gcc/arm-eabi/4.3.3/thumb/crtbegin.o
 .glue_7t       0x020093d8        0x0 soundbank.bin.o
 .glue_7t       0x020093d8        0x0 Dificultad.o
 .glue_7t       0x020093d8        0x0 Juego.o
 .glue_7t       0x020093d8        0x0 Jugadores.o
 .glue_7t       0x020093d8        0x0 Pausa.o
 .glue_7t       0x020093d8        0x0 PuertaAbierta.o
 .glue_7t       0x020093d8        0x0 Puerta.o
 .glue_7t       0x020093d8        0x0 fondos.o
 .glue_7t       0x020093d8        0x0 graficos.o
 .glue_7t       0x020093d8        0x0 main.o
 .glue_7t       0x020093d8        0x0 rutserv.o
 .glue_7t       0x020093d8        0x0 sprites.o
 .glue_7t       0x020093d8        0x0 teclado.o
 .glue_7t       0x020093d8        0x0 temporizadores.o
 .glue_7t       0x020093d8        0x0 /opt/devkitPro/libnds/lib/libnds9.a(console.o)
 .glue_7t       0x020093d8        0x0 /opt/devkitPro/libnds/lib/libnds9.a(initSystem.o)
 .glue_7t       0x020093d8        0x0 /opt/devkitPro/libnds/lib/libnds9.a(sprite.o)
 .glue_7t       0x020093d8        0x0 /opt/devkitPro/libnds/lib/libnds9.a(sprite_alloc.o)
 .glue_7t       0x020093d8        0x0 /opt/devkitPro/libnds/lib/libnds9.a(system.o)
 .glue_7t       0x020093d8        0x0 /opt/devkitPro/libnds/lib/libnds9.a(touch.o)
 .glue_7t       0x020093d8        0x0 /opt/devkitPro/libnds/lib/libnds9.a(trig.o)
 .glue_7t       0x020093d8        0x0 /opt/devkitPro/libnds/lib/libnds9.a(video.o)
 .glue_7t       0x020093d8        0x0 /opt/devkitPro/libnds/lib/libnds9.a(fifosystem.o)
 .glue_7t       0x020093d8        0x0 /opt/devkitPro/libnds/lib/libnds9.a(interrupts.o)
 .glue_7t       0x020093d8        0x0 /opt/devkitPro/libnds/lib/libnds9.a(dcache.o)
 .glue_7t       0x020093d8        0x0 /opt/devkitPro/libnds/lib/libnds9.a(biosCalls.o)
 .glue_7t       0x020093d8        0x0 /opt/devkitPro/libnds/lib/libnds9.a(debugprint.o)
 .glue_7t       0x020093d8        0x0 /opt/devkitPro/libnds/lib/libnds9.a(interruptDispatcher.o)
 .glue_7t       0x020093d8        0x0 /opt/devkitPro/libnds/lib/libnds9.a(default_font.bin.o)
 .glue_7t       0x020093d8        0x0 /opt/devkitPro/libnds/lib/libnds9.a(background.o)
 .glue_7t       0x020093d8        0x0 /opt/devkitPro/devkitARM/lib/gcc/arm-eabi/4.3.3/../../../../arm-eabi/lib/thumb/libg.a(lib_a-bsearch.o)
 .glue_7t       0x020093d8        0x0 /opt/devkitPro/devkitARM/lib/gcc/arm-eabi/4.3.3/../../../../arm-eabi/lib/thumb/libg.a(lib_a-impure.o)
 .glue_7t       0x020093d8        0x0 /opt/devkitPro/devkitARM/lib/gcc/arm-eabi/4.3.3/../../../../arm-eabi/lib/thumb/libg.a(lib_a-init.o)
 .glue_7t       0x020093d8        0x0 /opt/devkitPro/devkitARM/lib/gcc/arm-eabi/4.3.3/../../../../arm-eabi/lib/thumb/libg.a(lib_a-iprintf.o)
 .glue_7t       0x020093d8        0x0 /opt/devkitPro/devkitARM/lib/gcc/arm-eabi/4.3.3/../../../../arm-eabi/lib/thumb/libg.a(lib_a-malloc.o)
 .glue_7t       0x020093d8        0x0 /opt/devkitPro/devkitARM/lib/gcc/arm-eabi/4.3.3/../../../../arm-eabi/lib/thumb/libg.a(lib_a-mallocr.o)
 .glue_7t       0x020093d8        0x0 /opt/devkitPro/devkitARM/lib/gcc/arm-eabi/4.3.3/../../../../arm-eabi/lib/thumb/libg.a(lib_a-memcpy.o)
 .glue_7t       0x020093d8        0x0 /opt/devkitPro/devkitARM/lib/gcc/arm-eabi/4.3.3/../../../../arm-eabi/lib/thumb/libg.a(lib_a-memset.o)
 .glue_7t       0x020093d8        0x0 /opt/devkitPro/devkitARM/lib/gcc/arm-eabi/4.3.3/../../../../arm-eabi/lib/thumb/libg.a(lib_a-mlock.o)
 .glue_7t       0x020093d8        0x0 /opt/devkitPro/devkitARM/lib/gcc/arm-eabi/4.3.3/../../../../arm-eabi/lib/thumb/libg.a(lib_a-realloc.o)
 .glue_7t       0x020093d8        0x0 /opt/devkitPro/devkitARM/lib/gcc/arm-eabi/4.3.3/../../../../arm-eabi/lib/thumb/libg.a(lib_a-reallocr.o)
 .glue_7t       0x020093d8        0x0 /opt/devkitPro/devkitARM/lib/gcc/arm-eabi/4.3.3/../../../../arm-eabi/lib/thumb/libg.a(lib_a-setvbuf.o)
 .glue_7t       0x020093d8        0x0 /opt/devkitPro/devkitARM/lib/gcc/arm-eabi/4.3.3/../../../../arm-eabi/lib/thumb/libg.a(lib_a-siscanf.o)
 .glue_7t       0x020093d8        0x0 /opt/devkitPro/devkitARM/lib/gcc/arm-eabi/4.3.3/../../../../arm-eabi/lib/thumb/libg.a(lib_a-strlen.o)
 .glue_7t       0x020093d8        0x0 /opt/devkitPro/devkitARM/lib/gcc/arm-eabi/4.3.3/../../../../arm-eabi/lib/thumb/libg.a(lib_a-svfiscanf.o)
 .glue_7t       0x020093d8        0x0 /opt/devkitPro/devkitARM/lib/gcc/arm-eabi/4.3.3/../../../../arm-eabi/lib/thumb/libg.a(lib_a-ungetc.o)
 .glue_7t       0x020093d8        0x0 /opt/devkitPro/devkitARM/lib/gcc/arm-eabi/4.3.3/../../../../arm-eabi/lib/thumb/libg.a(lib_a-vfiprintf.o)
 .glue_7t       0x020093d8        0x0 /opt/devkitPro/devkitARM/lib/gcc/arm-eabi/4.3.3/../../../../arm-eabi/lib/thumb/libg.a(lib_a-wcrtomb.o)
 .glue_7t       0x020093d8        0x0 /opt/devkitPro/devkitARM/lib/gcc/arm-eabi/4.3.3/../../../../arm-eabi/lib/thumb/libg.a(lib_a-wcsrtombs.o)
 .glue_7t       0x020093d8        0x0 /opt/devkitPro/devkitARM/lib/gcc/arm-eabi/4.3.3/../../../../arm-eabi/lib/thumb/libg.a(lib_a-wctomb_r.o)
 .glue_7t       0x020093d8        0x0 /opt/devkitPro/devkitARM/lib/gcc/arm-eabi/4.3.3/../../../../arm-eabi/lib/thumb/libg.a(lib_a-wsetup.o)
 .glue_7t       0x020093d8        0x0 /opt/devkitPro/devkitARM/lib/gcc/arm-eabi/4.3.3/../../../../arm-eabi/lib/thumb/libg.a(lib_a-ctype_.o)
 .glue_7t       0x020093d8        0x0 /opt/devkitPro/devkitARM/lib/gcc/arm-eabi/4.3.3/../../../../arm-eabi/lib/thumb/libg.a(lib_a-fflush.o)
 .glue_7t       0x020093d8        0x0 /opt/devkitPro/devkitARM/lib/gcc/arm-eabi/4.3.3/../../../../arm-eabi/lib/thumb/libg.a(lib_a-findfp.o)
 .glue_7t       0x020093d8        0x0 /opt/devkitPro/devkitARM/lib/gcc/arm-eabi/4.3.3/../../../../arm-eabi/lib/thumb/libg.a(lib_a-freer.o)
 .glue_7t       0x020093d8        0x0 /opt/devkitPro/devkitARM/lib/gcc/arm-eabi/4.3.3/../../../../arm-eabi/lib/thumb/libg.a(lib_a-fvwrite.o)
 .glue_7t       0x020093d8        0x0 /opt/devkitPro/devkitARM/lib/gcc/arm-eabi/4.3.3/../../../../arm-eabi/lib/thumb/libg.a(lib_a-fwalk.o)
 .glue_7t       0x020093d8        0x0 /opt/devkitPro/devkitARM/lib/gcc/arm-eabi/4.3.3/../../../../arm-eabi/lib/thumb/libg.a(lib_a-iswspace.o)
 .glue_7t       0x020093d8        0x0 /opt/devkitPro/devkitARM/lib/gcc/arm-eabi/4.3.3/../../../../arm-eabi/lib/thumb/libg.a(lib_a-jp2uc.o)
 .glue_7t       0x020093d8        0x0 /opt/devkitPro/devkitARM/lib/gcc/arm-eabi/4.3.3/../../../../arm-eabi/lib/thumb/libg.a(lib_a-locale.o)
 .glue_7t       0x020093d8        0x0 /opt/devkitPro/devkitARM/lib/gcc/arm-eabi/4.3.3/../../../../arm-eabi/lib/thumb/libg.a(lib_a-makebuf.o)
 .glue_7t       0x020093d8        0x0 /opt/devkitPro/devkitARM/lib/gcc/arm-eabi/4.3.3/../../../../arm-eabi/lib/thumb/libg.a(lib_a-mbrtowc.o)
 .glue_7t       0x020093d8        0x0 /opt/devkitPro/devkitARM/lib/gcc/arm-eabi/4.3.3/../../../../arm-eabi/lib/thumb/libg.a(lib_a-mbtowc_r.o)
 .glue_7t       0x020093d8        0x0 /opt/devkitPro/devkitARM/lib/gcc/arm-eabi/4.3.3/../../../../arm-eabi/lib/thumb/libg.a(lib_a-memchr.o)
 .glue_7t       0x020093d8        0x0 /opt/devkitPro/devkitARM/lib/gcc/arm-eabi/4.3.3/../../../../arm-eabi/lib/thumb/libg.a(lib_a-memmove.o)
 .glue_7t       0x020093d8        0x0 /opt/devkitPro/devkitARM/lib/gcc/arm-eabi/4.3.3/../../../../arm-eabi/lib/thumb/libg.a(lib_a-sccl.o)
 .glue_7t       0x020093d8        0x0 /opt/devkitPro/devkitARM/lib/gcc/arm-eabi/4.3.3/../../../../arm-eabi/lib/thumb/libg.a(lib_a-stdio.o)
 .glue_7t       0x020093d8        0x0 /opt/devkitPro/devkitARM/lib/gcc/arm-eabi/4.3.3/../../../../arm-eabi/lib/thumb/libg.a(lib_a-strcmp.o)
 .glue_7t       0x020093d8        0x0 /opt/devkitPro/devkitARM/lib/gcc/arm-eabi/4.3.3/../../../../arm-eabi/lib/thumb/libg.a(lib_a-strcpy.o)
 .glue_7t       0x020093d8        0x0 /opt/devkitPro/devkitARM/lib/gcc/arm-eabi/4.3.3/../../../../arm-eabi/lib/thumb/libg.a(lib_a-strtol.o)
 .glue_7t       0x020093d8        0x0 /opt/devkitPro/devkitARM/lib/gcc/arm-eabi/4.3.3/../../../../arm-eabi/lib/thumb/libg.a(lib_a-strtoul.o)
 .glue_7t       0x020093d8        0x0 /opt/devkitPro/devkitARM/lib/gcc/arm-eabi/4.3.3/../../../../arm-eabi/lib/thumb/libg.a(lib_a-fclose.o)
 .glue_7t       0x020093d8        0x0 /opt/devkitPro/devkitARM/lib/gcc/arm-eabi/4.3.3/../../../../arm-eabi/lib/thumb/libsysbase.a(iosupport.o)
 .glue_7t       0x020093d8        0x0 /opt/devkitPro/devkitARM/lib/gcc/arm-eabi/4.3.3/../../../../arm-eabi/lib/thumb/libsysbase.a(close.o)
 .glue_7t       0x020093d8        0x0 /opt/devkitPro/devkitARM/lib/gcc/arm-eabi/4.3.3/../../../../arm-eabi/lib/thumb/libsysbase.a(fstat.o)
 .glue_7t       0x020093d8        0x0 /opt/devkitPro/devkitARM/lib/gcc/arm-eabi/4.3.3/../../../../arm-eabi/lib/thumb/libsysbase.a(isatty.o)
 .glue_7t       0x020093d8        0x0 /opt/devkitPro/devkitARM/lib/gcc/arm-eabi/4.3.3/../../../../arm-eabi/lib/thumb/libsysbase.a(lseek.o)
 .glue_7t       0x020093d8        0x0 /opt/devkitPro/devkitARM/lib/gcc/arm-eabi/4.3.3/../../../../arm-eabi/lib/thumb/libsysbase.a(read.o)
 .glue_7t       0x020093d8        0x0 /opt/devkitPro/devkitARM/lib/gcc/arm-eabi/4.3.3/../../../../arm-eabi/lib/thumb/libsysbase.a(sbrk.o)
 .glue_7t       0x020093d8        0x0 /opt/devkitPro/devkitARM/lib/gcc/arm-eabi/4.3.3/../../../../arm-eabi/lib/thumb/libsysbase.a(times.o)
 .glue_7t       0x020093d8        0x0 /opt/devkitPro/devkitARM/lib/gcc/arm-eabi/4.3.3/../../../../arm-eabi/lib/thumb/libsysbase.a(write.o)
 .glue_7t       0x020093d8        0x0 /opt/devkitPro/devkitARM/lib/gcc/arm-eabi/4.3.3/../../../../arm-eabi/lib/thumb/libsysbase.a(malloc_vars.o)
 .glue_7t       0x020093d8        0x0 /opt/devkitPro/devkitARM/lib/gcc/arm-eabi/4.3.3/../../../../arm-eabi/lib/thumb/libsysbase.a(build_argv.o)
 .glue_7t       0x020093d8        0x0 /opt/devkitPro/devkitARM/lib/gcc/arm-eabi/4.3.3/../../../../arm-eabi/lib/thumb/libsysbase.a(handle_manager.o)
 .glue_7t       0x020093d8        0x0 /opt/devkitPro/devkitARM/lib/gcc/arm-eabi/4.3.3/thumb/libgcc.a(_udivsi3.o)
 .glue_7t       0x020093d8        0x0 /opt/devkitPro/devkitARM/lib/gcc/arm-eabi/4.3.3/thumb/libgcc.a(_dvmd_tls.o)
 .glue_7t       0x020093d8        0x0 /opt/devkitPro/devkitARM/lib/gcc/arm-eabi/4.3.3/../../../../arm-eabi/lib/thumb/libg.a(lib_a-errno.o)
 .glue_7t       0x020093d8        0x0 /opt/devkitPro/devkitARM/lib/gcc/arm-eabi/4.3.3/../../../../arm-eabi/lib/thumb/libg.a(lib_a-strncmp.o)
 .glue_7t       0x020093d8        0x0 /opt/devkitPro/devkitARM/lib/gcc/arm-eabi/4.3.3/thumb/crtend.o
 .glue_7t       0x020093d8        0x0 /opt/devkitPro/devkitARM/lib/gcc/arm-eabi/4.3.3/thumb/crtn.o
                0x020093d8                . = ALIGN (0x4)

.vfp11_veneer   0x00000000        0x0
 .vfp11_veneer  0x00000000        0x0 /opt/devkitPro/devkitARM/lib/gcc/arm-eabi/4.3.3/../../../../arm-eabi/lib/thumb/ds_arm9_crt0.o
 .vfp11_veneer  0x00000000        0x0 /opt/devkitPro/devkitARM/lib/gcc/arm-eabi/4.3.3/thumb/crti.o
 .vfp11_veneer  0x00000000        0x0 /opt/devkitPro/devkitARM/lib/gcc/arm-eabi/4.3.3/thumb/crtbegin.o
 .vfp11_veneer  0x00000000        0x0 soundbank.bin.o
 .vfp11_veneer  0x00000000        0x0 Dificultad.o
 .vfp11_veneer  0x00000000        0x0 Juego.o
 .vfp11_veneer  0x00000000        0x0 Jugadores.o
 .vfp11_veneer  0x00000000        0x0 Pausa.o
 .vfp11_veneer  0x00000000        0x0 PuertaAbierta.o
 .vfp11_veneer  0x00000000        0x0 Puerta.o
 .vfp11_veneer  0x00000000        0x0 fondos.o
 .vfp11_veneer  0x00000000        0x0 graficos.o
 .vfp11_veneer  0x00000000        0x0 main.o
 .vfp11_veneer  0x00000000        0x0 rutserv.o
 .vfp11_veneer  0x00000000        0x0 sprites.o
 .vfp11_veneer  0x00000000        0x0 teclado.o
 .vfp11_veneer  0x00000000        0x0 temporizadores.o
 .vfp11_veneer  0x00000000        0x0 /opt/devkitPro/libnds/lib/libnds9.a(console.o)
 .vfp11_veneer  0x00000000        0x0 /opt/devkitPro/libnds/lib/libnds9.a(initSystem.o)
 .vfp11_veneer  0x00000000        0x0 /opt/devkitPro/libnds/lib/libnds9.a(sprite.o)
 .vfp11_veneer  0x00000000        0x0 /opt/devkitPro/libnds/lib/libnds9.a(sprite_alloc.o)
 .vfp11_veneer  0x00000000        0x0 /opt/devkitPro/libnds/lib/libnds9.a(system.o)
 .vfp11_veneer  0x00000000        0x0 /opt/devkitPro/libnds/lib/libnds9.a(touch.o)
 .vfp11_veneer  0x00000000        0x0 /opt/devkitPro/libnds/lib/libnds9.a(trig.o)
 .vfp11_veneer  0x00000000        0x0 /opt/devkitPro/libnds/lib/libnds9.a(video.o)
 .vfp11_veneer  0x00000000        0x0 /opt/devkitPro/libnds/lib/libnds9.a(fifosystem.o)
 .vfp11_veneer  0x00000000        0x0 /opt/devkitPro/libnds/lib/libnds9.a(interrupts.o)
 .vfp11_veneer  0x00000000        0x0 /opt/devkitPro/libnds/lib/libnds9.a(dcache.o)
 .vfp11_veneer  0x00000000        0x0 /opt/devkitPro/libnds/lib/libnds9.a(biosCalls.o)
 .vfp11_veneer  0x00000000        0x0 /opt/devkitPro/libnds/lib/libnds9.a(debugprint.o)
 .vfp11_veneer  0x00000000        0x0 /opt/devkitPro/libnds/lib/libnds9.a(interruptDispatcher.o)
 .vfp11_veneer  0x00000000        0x0 /opt/devkitPro/libnds/lib/libnds9.a(default_font.bin.o)
 .vfp11_veneer  0x00000000        0x0 /opt/devkitPro/libnds/lib/libnds9.a(background.o)
 .vfp11_veneer  0x00000000        0x0 /opt/devkitPro/devkitARM/lib/gcc/arm-eabi/4.3.3/../../../../arm-eabi/lib/thumb/libg.a(lib_a-bsearch.o)
 .vfp11_veneer  0x00000000        0x0 /opt/devkitPro/devkitARM/lib/gcc/arm-eabi/4.3.3/../../../../arm-eabi/lib/thumb/libg.a(lib_a-impure.o)
 .vfp11_veneer  0x00000000        0x0 /opt/devkitPro/devkitARM/lib/gcc/arm-eabi/4.3.3/../../../../arm-eabi/lib/thumb/libg.a(lib_a-init.o)
 .vfp11_veneer  0x00000000        0x0 /opt/devkitPro/devkitARM/lib/gcc/arm-eabi/4.3.3/../../../../arm-eabi/lib/thumb/libg.a(lib_a-iprintf.o)
 .vfp11_veneer  0x00000000        0x0 /opt/devkitPro/devkitARM/lib/gcc/arm-eabi/4.3.3/../../../../arm-eabi/lib/thumb/libg.a(lib_a-malloc.o)
 .vfp11_veneer  0x00000000        0x0 /opt/devkitPro/devkitARM/lib/gcc/arm-eabi/4.3.3/../../../../arm-eabi/lib/thumb/libg.a(lib_a-mallocr.o)
 .vfp11_veneer  0x00000000        0x0 /opt/devkitPro/devkitARM/lib/gcc/arm-eabi/4.3.3/../../../../arm-eabi/lib/thumb/libg.a(lib_a-memcpy.o)
 .vfp11_veneer  0x00000000        0x0 /opt/devkitPro/devkitARM/lib/gcc/arm-eabi/4.3.3/../../../../arm-eabi/lib/thumb/libg.a(lib_a-memset.o)
 .vfp11_veneer  0x00000000        0x0 /opt/devkitPro/devkitARM/lib/gcc/arm-eabi/4.3.3/../../../../arm-eabi/lib/thumb/libg.a(lib_a-mlock.o)
 .vfp11_veneer  0x00000000        0x0 /opt/devkitPro/devkitARM/lib/gcc/arm-eabi/4.3.3/../../../../arm-eabi/lib/thumb/libg.a(lib_a-realloc.o)
 .vfp11_veneer  0x00000000        0x0 /opt/devkitPro/devkitARM/lib/gcc/arm-eabi/4.3.3/../../../../arm-eabi/lib/thumb/libg.a(lib_a-reallocr.o)
 .vfp11_veneer  0x00000000        0x0 /opt/devkitPro/devkitARM/lib/gcc/arm-eabi/4.3.3/../../../../arm-eabi/lib/thumb/libg.a(lib_a-setvbuf.o)
 .vfp11_veneer  0x00000000        0x0 /opt/devkitPro/devkitARM/lib/gcc/arm-eabi/4.3.3/../../../../arm-eabi/lib/thumb/libg.a(lib_a-siscanf.o)
 .vfp11_veneer  0x00000000        0x0 /opt/devkitPro/devkitARM/lib/gcc/arm-eabi/4.3.3/../../../../arm-eabi/lib/thumb/libg.a(lib_a-strlen.o)
 .vfp11_veneer  0x00000000        0x0 /opt/devkitPro/devkitARM/lib/gcc/arm-eabi/4.3.3/../../../../arm-eabi/lib/thumb/libg.a(lib_a-svfiscanf.o)
 .vfp11_veneer  0x00000000        0x0 /opt/devkitPro/devkitARM/lib/gcc/arm-eabi/4.3.3/../../../../arm-eabi/lib/thumb/libg.a(lib_a-ungetc.o)
 .vfp11_veneer  0x00000000        0x0 /opt/devkitPro/devkitARM/lib/gcc/arm-eabi/4.3.3/../../../../arm-eabi/lib/thumb/libg.a(lib_a-vfiprintf.o)
 .vfp11_veneer  0x00000000        0x0 /opt/devkitPro/devkitARM/lib/gcc/arm-eabi/4.3.3/../../../../arm-eabi/lib/thumb/libg.a(lib_a-wcrtomb.o)
 .vfp11_veneer  0x00000000        0x0 /opt/devkitPro/devkitARM/lib/gcc/arm-eabi/4.3.3/../../../../arm-eabi/lib/thumb/libg.a(lib_a-wcsrtombs.o)
 .vfp11_veneer  0x00000000        0x0 /opt/devkitPro/devkitARM/lib/gcc/arm-eabi/4.3.3/../../../../arm-eabi/lib/thumb/libg.a(lib_a-wctomb_r.o)
 .vfp11_veneer  0x00000000        0x0 /opt/devkitPro/devkitARM/lib/gcc/arm-eabi/4.3.3/../../../../arm-eabi/lib/thumb/libg.a(lib_a-wsetup.o)
 .vfp11_veneer  0x00000000        0x0 /opt/devkitPro/devkitARM/lib/gcc/arm-eabi/4.3.3/../../../../arm-eabi/lib/thumb/libg.a(lib_a-ctype_.o)
 .vfp11_veneer  0x00000000        0x0 /opt/devkitPro/devkitARM/lib/gcc/arm-eabi/4.3.3/../../../../arm-eabi/lib/thumb/libg.a(lib_a-fflush.o)
 .vfp11_veneer  0x00000000        0x0 /opt/devkitPro/devkitARM/lib/gcc/arm-eabi/4.3.3/../../../../arm-eabi/lib/thumb/libg.a(lib_a-findfp.o)
 .vfp11_veneer  0x00000000        0x0 /opt/devkitPro/devkitARM/lib/gcc/arm-eabi/4.3.3/../../../../arm-eabi/lib/thumb/libg.a(lib_a-freer.o)
 .vfp11_veneer  0x00000000        0x0 /opt/devkitPro/devkitARM/lib/gcc/arm-eabi/4.3.3/../../../../arm-eabi/lib/thumb/libg.a(lib_a-fvwrite.o)
 .vfp11_veneer  0x00000000        0x0 /opt/devkitPro/devkitARM/lib/gcc/arm-eabi/4.3.3/../../../../arm-eabi/lib/thumb/libg.a(lib_a-fwalk.o)
 .vfp11_veneer  0x00000000        0x0 /opt/devkitPro/devkitARM/lib/gcc/arm-eabi/4.3.3/../../../../arm-eabi/lib/thumb/libg.a(lib_a-iswspace.o)
 .vfp11_veneer  0x00000000        0x0 /opt/devkitPro/devkitARM/lib/gcc/arm-eabi/4.3.3/../../../../arm-eabi/lib/thumb/libg.a(lib_a-jp2uc.o)
 .vfp11_veneer  0x00000000        0x0 /opt/devkitPro/devkitARM/lib/gcc/arm-eabi/4.3.3/../../../../arm-eabi/lib/thumb/libg.a(lib_a-locale.o)
 .vfp11_veneer  0x00000000        0x0 /opt/devkitPro/devkitARM/lib/gcc/arm-eabi/4.3.3/../../../../arm-eabi/lib/thumb/libg.a(lib_a-makebuf.o)
 .vfp11_veneer  0x00000000        0x0 /opt/devkitPro/devkitARM/lib/gcc/arm-eabi/4.3.3/../../../../arm-eabi/lib/thumb/libg.a(lib_a-mbrtowc.o)
 .vfp11_veneer  0x00000000        0x0 /opt/devkitPro/devkitARM/lib/gcc/arm-eabi/4.3.3/../../../../arm-eabi/lib/thumb/libg.a(lib_a-mbtowc_r.o)
 .vfp11_veneer  0x00000000        0x0 /opt/devkitPro/devkitARM/lib/gcc/arm-eabi/4.3.3/../../../../arm-eabi/lib/thumb/libg.a(lib_a-memchr.o)
 .vfp11_veneer  0x00000000        0x0 /opt/devkitPro/devkitARM/lib/gcc/arm-eabi/4.3.3/../../../../arm-eabi/lib/thumb/libg.a(lib_a-memmove.o)
 .vfp11_veneer  0x00000000        0x0 /opt/devkitPro/devkitARM/lib/gcc/arm-eabi/4.3.3/../../../../arm-eabi/lib/thumb/libg.a(lib_a-sccl.o)
 .vfp11_veneer  0x00000000        0x0 /opt/devkitPro/devkitARM/lib/gcc/arm-eabi/4.3.3/../../../../arm-eabi/lib/thumb/libg.a(lib_a-stdio.o)
 .vfp11_veneer  0x00000000        0x0 /opt/devkitPro/devkitARM/lib/gcc/arm-eabi/4.3.3/../../../../arm-eabi/lib/thumb/libg.a(lib_a-strcmp.o)
 .vfp11_veneer  0x00000000        0x0 /opt/devkitPro/devkitARM/lib/gcc/arm-eabi/4.3.3/../../../../arm-eabi/lib/thumb/libg.a(lib_a-strcpy.o)
 .vfp11_veneer  0x00000000        0x0 /opt/devkitPro/devkitARM/lib/gcc/arm-eabi/4.3.3/../../../../arm-eabi/lib/thumb/libg.a(lib_a-strtol.o)
 .vfp11_veneer  0x00000000        0x0 /opt/devkitPro/devkitARM/lib/gcc/arm-eabi/4.3.3/../../../../arm-eabi/lib/thumb/libg.a(lib_a-strtoul.o)
 .vfp11_veneer  0x00000000        0x0 /opt/devkitPro/devkitARM/lib/gcc/arm-eabi/4.3.3/../../../../arm-eabi/lib/thumb/libg.a(lib_a-fclose.o)
 .vfp11_veneer  0x00000000        0x0 /opt/devkitPro/devkitARM/lib/gcc/arm-eabi/4.3.3/../../../../arm-eabi/lib/thumb/libsysbase.a(iosupport.o)
 .vfp11_veneer  0x00000000        0x0 /opt/devkitPro/devkitARM/lib/gcc/arm-eabi/4.3.3/../../../../arm-eabi/lib/thumb/libsysbase.a(close.o)
 .vfp11_veneer  0x00000000        0x0 /opt/devkitPro/devkitARM/lib/gcc/arm-eabi/4.3.3/../../../../arm-eabi/lib/thumb/libsysbase.a(fstat.o)
 .vfp11_veneer  0x00000000        0x0 /opt/devkitPro/devkitARM/lib/gcc/arm-eabi/4.3.3/../../../../arm-eabi/lib/thumb/libsysbase.a(isatty.o)
 .vfp11_veneer  0x00000000        0x0 /opt/devkitPro/devkitARM/lib/gcc/arm-eabi/4.3.3/../../../../arm-eabi/lib/thumb/libsysbase.a(lseek.o)
 .vfp11_veneer  0x00000000        0x0 /opt/devkitPro/devkitARM/lib/gcc/arm-eabi/4.3.3/../../../../arm-eabi/lib/thumb/libsysbase.a(read.o)
 .vfp11_veneer  0x00000000        0x0 /opt/devkitPro/devkitARM/lib/gcc/arm-eabi/4.3.3/../../../../arm-eabi/lib/thumb/libsysbase.a(sbrk.o)
 .vfp11_veneer  0x00000000        0x0 /opt/devkitPro/devkitARM/lib/gcc/arm-eabi/4.3.3/../../../../arm-eabi/lib/thumb/libsysbase.a(times.o)
 .vfp11_veneer  0x00000000        0x0 /opt/devkitPro/devkitARM/lib/gcc/arm-eabi/4.3.3/../../../../arm-eabi/lib/thumb/libsysbase.a(write.o)
 .vfp11_veneer  0x00000000        0x0 /opt/devkitPro/devkitARM/lib/gcc/arm-eabi/4.3.3/../../../../arm-eabi/lib/thumb/libsysbase.a(malloc_vars.o)
 .vfp11_veneer  0x00000000        0x0 /opt/devkitPro/devkitARM/lib/gcc/arm-eabi/4.3.3/../../../../arm-eabi/lib/thumb/libsysbase.a(build_argv.o)
 .vfp11_veneer  0x00000000        0x0 /opt/devkitPro/devkitARM/lib/gcc/arm-eabi/4.3.3/../../../../arm-eabi/lib/thumb/libsysbase.a(handle_manager.o)
 .vfp11_veneer  0x00000000        0x0 /opt/devkitPro/devkitARM/lib/gcc/arm-eabi/4.3.3/thumb/libgcc.a(_udivsi3.o)
 .vfp11_veneer  0x00000000        0x0 /opt/devkitPro/devkitARM/lib/gcc/arm-eabi/4.3.3/thumb/libgcc.a(_dvmd_tls.o)
 .vfp11_veneer  0x00000000        0x0 /opt/devkitPro/devkitARM/lib/gcc/arm-eabi/4.3.3/../../../../arm-eabi/lib/thumb/libg.a(lib_a-errno.o)
 .vfp11_veneer  0x00000000        0x0 /opt/devkitPro/devkitARM/lib/gcc/arm-eabi/4.3.3/../../../../arm-eabi/lib/thumb/libg.a(lib_a-strncmp.o)
 .vfp11_veneer  0x00000000        0x0 /opt/devkitPro/devkitARM/lib/gcc/arm-eabi/4.3.3/thumb/crtend.o
 .vfp11_veneer  0x00000000        0x0 /opt/devkitPro/devkitARM/lib/gcc/arm-eabi/4.3.3/thumb/crtn.o

.v4_bx          0x00000000        0x0
 .v4_bx         0x00000000        0x0 /opt/devkitPro/devkitARM/lib/gcc/arm-eabi/4.3.3/../../../../arm-eabi/lib/thumb/ds_arm9_crt0.o
 .v4_bx         0x00000000        0x0 /opt/devkitPro/devkitARM/lib/gcc/arm-eabi/4.3.3/thumb/crti.o
 .v4_bx         0x00000000        0x0 /opt/devkitPro/devkitARM/lib/gcc/arm-eabi/4.3.3/thumb/crtbegin.o
 .v4_bx         0x00000000        0x0 soundbank.bin.o
 .v4_bx         0x00000000        0x0 Dificultad.o
 .v4_bx         0x00000000        0x0 Juego.o
 .v4_bx         0x00000000        0x0 Jugadores.o
 .v4_bx         0x00000000        0x0 Pausa.o
 .v4_bx         0x00000000        0x0 PuertaAbierta.o
 .v4_bx         0x00000000        0x0 Puerta.o
 .v4_bx         0x00000000        0x0 fondos.o
 .v4_bx         0x00000000        0x0 graficos.o
 .v4_bx         0x00000000        0x0 main.o
 .v4_bx         0x00000000        0x0 rutserv.o
 .v4_bx         0x00000000        0x0 sprites.o
 .v4_bx         0x00000000        0x0 teclado.o
 .v4_bx         0x00000000        0x0 temporizadores.o
 .v4_bx         0x00000000        0x0 /opt/devkitPro/libnds/lib/libnds9.a(console.o)
 .v4_bx         0x00000000        0x0 /opt/devkitPro/libnds/lib/libnds9.a(initSystem.o)
 .v4_bx         0x00000000        0x0 /opt/devkitPro/libnds/lib/libnds9.a(sprite.o)
 .v4_bx         0x00000000        0x0 /opt/devkitPro/libnds/lib/libnds9.a(sprite_alloc.o)
 .v4_bx         0x00000000        0x0 /opt/devkitPro/libnds/lib/libnds9.a(system.o)
 .v4_bx         0x00000000        0x0 /opt/devkitPro/libnds/lib/libnds9.a(touch.o)
 .v4_bx         0x00000000        0x0 /opt/devkitPro/libnds/lib/libnds9.a(trig.o)
 .v4_bx         0x00000000        0x0 /opt/devkitPro/libnds/lib/libnds9.a(video.o)
 .v4_bx         0x00000000        0x0 /opt/devkitPro/libnds/lib/libnds9.a(fifosystem.o)
 .v4_bx         0x00000000        0x0 /opt/devkitPro/libnds/lib/libnds9.a(interrupts.o)
 .v4_bx         0x00000000        0x0 /opt/devkitPro/libnds/lib/libnds9.a(dcache.o)
 .v4_bx         0x00000000        0x0 /opt/devkitPro/libnds/lib/libnds9.a(biosCalls.o)
 .v4_bx         0x00000000        0x0 /opt/devkitPro/libnds/lib/libnds9.a(debugprint.o)
 .v4_bx         0x00000000        0x0 /opt/devkitPro/libnds/lib/libnds9.a(interruptDispatcher.o)
 .v4_bx         0x00000000        0x0 /opt/devkitPro/libnds/lib/libnds9.a(default_font.bin.o)
 .v4_bx         0x00000000        0x0 /opt/devkitPro/libnds/lib/libnds9.a(background.o)
 .v4_bx         0x00000000        0x0 /opt/devkitPro/devkitARM/lib/gcc/arm-eabi/4.3.3/../../../../arm-eabi/lib/thumb/libg.a(lib_a-bsearch.o)
 .v4_bx         0x00000000        0x0 /opt/devkitPro/devkitARM/lib/gcc/arm-eabi/4.3.3/../../../../arm-eabi/lib/thumb/libg.a(lib_a-impure.o)
 .v4_bx         0x00000000        0x0 /opt/devkitPro/devkitARM/lib/gcc/arm-eabi/4.3.3/../../../../arm-eabi/lib/thumb/libg.a(lib_a-init.o)
 .v4_bx         0x00000000        0x0 /opt/devkitPro/devkitARM/lib/gcc/arm-eabi/4.3.3/../../../../arm-eabi/lib/thumb/libg.a(lib_a-iprintf.o)
 .v4_bx         0x00000000        0x0 /opt/devkitPro/devkitARM/lib/gcc/arm-eabi/4.3.3/../../../../arm-eabi/lib/thumb/libg.a(lib_a-malloc.o)
 .v4_bx         0x00000000        0x0 /opt/devkitPro/devkitARM/lib/gcc/arm-eabi/4.3.3/../../../../arm-eabi/lib/thumb/libg.a(lib_a-mallocr.o)
 .v4_bx         0x00000000        0x0 /opt/devkitPro/devkitARM/lib/gcc/arm-eabi/4.3.3/../../../../arm-eabi/lib/thumb/libg.a(lib_a-memcpy.o)
 .v4_bx         0x00000000        0x0 /opt/devkitPro/devkitARM/lib/gcc/arm-eabi/4.3.3/../../../../arm-eabi/lib/thumb/libg.a(lib_a-memset.o)
 .v4_bx         0x00000000        0x0 /opt/devkitPro/devkitARM/lib/gcc/arm-eabi/4.3.3/../../../../arm-eabi/lib/thumb/libg.a(lib_a-mlock.o)
 .v4_bx         0x00000000        0x0 /opt/devkitPro/devkitARM/lib/gcc/arm-eabi/4.3.3/../../../../arm-eabi/lib/thumb/libg.a(lib_a-realloc.o)
 .v4_bx         0x00000000        0x0 /opt/devkitPro/devkitARM/lib/gcc/arm-eabi/4.3.3/../../../../arm-eabi/lib/thumb/libg.a(lib_a-reallocr.o)
 .v4_bx         0x00000000        0x0 /opt/devkitPro/devkitARM/lib/gcc/arm-eabi/4.3.3/../../../../arm-eabi/lib/thumb/libg.a(lib_a-setvbuf.o)
 .v4_bx         0x00000000        0x0 /opt/devkitPro/devkitARM/lib/gcc/arm-eabi/4.3.3/../../../../arm-eabi/lib/thumb/libg.a(lib_a-siscanf.o)
 .v4_bx         0x00000000        0x0 /opt/devkitPro/devkitARM/lib/gcc/arm-eabi/4.3.3/../../../../arm-eabi/lib/thumb/libg.a(lib_a-strlen.o)
 .v4_bx         0x00000000        0x0 /opt/devkitPro/devkitARM/lib/gcc/arm-eabi/4.3.3/../../../../arm-eabi/lib/thumb/libg.a(lib_a-svfiscanf.o)
 .v4_bx         0x00000000        0x0 /opt/devkitPro/devkitARM/lib/gcc/arm-eabi/4.3.3/../../../../arm-eabi/lib/thumb/libg.a(lib_a-ungetc.o)
 .v4_bx         0x00000000        0x0 /opt/devkitPro/devkitARM/lib/gcc/arm-eabi/4.3.3/../../../../arm-eabi/lib/thumb/libg.a(lib_a-vfiprintf.o)
 .v4_bx         0x00000000        0x0 /opt/devkitPro/devkitARM/lib/gcc/arm-eabi/4.3.3/../../../../arm-eabi/lib/thumb/libg.a(lib_a-wcrtomb.o)
 .v4_bx         0x00000000        0x0 /opt/devkitPro/devkitARM/lib/gcc/arm-eabi/4.3.3/../../../../arm-eabi/lib/thumb/libg.a(lib_a-wcsrtombs.o)
 .v4_bx         0x00000000        0x0 /opt/devkitPro/devkitARM/lib/gcc/arm-eabi/4.3.3/../../../../arm-eabi/lib/thumb/libg.a(lib_a-wctomb_r.o)
 .v4_bx         0x00000000        0x0 /opt/devkitPro/devkitARM/lib/gcc/arm-eabi/4.3.3/../../../../arm-eabi/lib/thumb/libg.a(lib_a-wsetup.o)
 .v4_bx         0x00000000        0x0 /opt/devkitPro/devkitARM/lib/gcc/arm-eabi/4.3.3/../../../../arm-eabi/lib/thumb/libg.a(lib_a-ctype_.o)
 .v4_bx         0x00000000        0x0 /opt/devkitPro/devkitARM/lib/gcc/arm-eabi/4.3.3/../../../../arm-eabi/lib/thumb/libg.a(lib_a-fflush.o)
 .v4_bx         0x00000000        0x0 /opt/devkitPro/devkitARM/lib/gcc/arm-eabi/4.3.3/../../../../arm-eabi/lib/thumb/libg.a(lib_a-findfp.o)
 .v4_bx         0x00000000        0x0 /opt/devkitPro/devkitARM/lib/gcc/arm-eabi/4.3.3/../../../../arm-eabi/lib/thumb/libg.a(lib_a-freer.o)
 .v4_bx         0x00000000        0x0 /opt/devkitPro/devkitARM/lib/gcc/arm-eabi/4.3.3/../../../../arm-eabi/lib/thumb/libg.a(lib_a-fvwrite.o)
 .v4_bx         0x00000000        0x0 /opt/devkitPro/devkitARM/lib/gcc/arm-eabi/4.3.3/../../../../arm-eabi/lib/thumb/libg.a(lib_a-fwalk.o)
 .v4_bx         0x00000000        0x0 /opt/devkitPro/devkitARM/lib/gcc/arm-eabi/4.3.3/../../../../arm-eabi/lib/thumb/libg.a(lib_a-iswspace.o)
 .v4_bx         0x00000000        0x0 /opt/devkitPro/devkitARM/lib/gcc/arm-eabi/4.3.3/../../../../arm-eabi/lib/thumb/libg.a(lib_a-jp2uc.o)
 .v4_bx         0x00000000        0x0 /opt/devkitPro/devkitARM/lib/gcc/arm-eabi/4.3.3/../../../../arm-eabi/lib/thumb/libg.a(lib_a-locale.o)
 .v4_bx         0x00000000        0x0 /opt/devkitPro/devkitARM/lib/gcc/arm-eabi/4.3.3/../../../../arm-eabi/lib/thumb/libg.a(lib_a-makebuf.o)
 .v4_bx         0x00000000        0x0 /opt/devkitPro/devkitARM/lib/gcc/arm-eabi/4.3.3/../../../../arm-eabi/lib/thumb/libg.a(lib_a-mbrtowc.o)
 .v4_bx         0x00000000        0x0 /opt/devkitPro/devkitARM/lib/gcc/arm-eabi/4.3.3/../../../../arm-eabi/lib/thumb/libg.a(lib_a-mbtowc_r.o)
 .v4_bx         0x00000000        0x0 /opt/devkitPro/devkitARM/lib/gcc/arm-eabi/4.3.3/../../../../arm-eabi/lib/thumb/libg.a(lib_a-memchr.o)
 .v4_bx         0x00000000        0x0 /opt/devkitPro/devkitARM/lib/gcc/arm-eabi/4.3.3/../../../../arm-eabi/lib/thumb/libg.a(lib_a-memmove.o)
 .v4_bx         0x00000000        0x0 /opt/devkitPro/devkitARM/lib/gcc/arm-eabi/4.3.3/../../../../arm-eabi/lib/thumb/libg.a(lib_a-sccl.o)
 .v4_bx         0x00000000        0x0 /opt/devkitPro/devkitARM/lib/gcc/arm-eabi/4.3.3/../../../../arm-eabi/lib/thumb/libg.a(lib_a-stdio.o)
 .v4_bx         0x00000000        0x0 /opt/devkitPro/devkitARM/lib/gcc/arm-eabi/4.3.3/../../../../arm-eabi/lib/thumb/libg.a(lib_a-strcmp.o)
 .v4_bx         0x00000000        0x0 /opt/devkitPro/devkitARM/lib/gcc/arm-eabi/4.3.3/../../../../arm-eabi/lib/thumb/libg.a(lib_a-strcpy.o)
 .v4_bx         0x00000000        0x0 /opt/devkitPro/devkitARM/lib/gcc/arm-eabi/4.3.3/../../../../arm-eabi/lib/thumb/libg.a(lib_a-strtol.o)
 .v4_bx         0x00000000        0x0 /opt/devkitPro/devkitARM/lib/gcc/arm-eabi/4.3.3/../../../../arm-eabi/lib/thumb/libg.a(lib_a-strtoul.o)
 .v4_bx         0x00000000        0x0 /opt/devkitPro/devkitARM/lib/gcc/arm-eabi/4.3.3/../../../../arm-eabi/lib/thumb/libg.a(lib_a-fclose.o)
 .v4_bx         0x00000000        0x0 /opt/devkitPro/devkitARM/lib/gcc/arm-eabi/4.3.3/../../../../arm-eabi/lib/thumb/libsysbase.a(iosupport.o)
 .v4_bx         0x00000000        0x0 /opt/devkitPro/devkitARM/lib/gcc/arm-eabi/4.3.3/../../../../arm-eabi/lib/thumb/libsysbase.a(close.o)
 .v4_bx         0x00000000        0x0 /opt/devkitPro/devkitARM/lib/gcc/arm-eabi/4.3.3/../../../../arm-eabi/lib/thumb/libsysbase.a(fstat.o)
 .v4_bx         0x00000000        0x0 /opt/devkitPro/devkitARM/lib/gcc/arm-eabi/4.3.3/../../../../arm-eabi/lib/thumb/libsysbase.a(isatty.o)
 .v4_bx         0x00000000        0x0 /opt/devkitPro/devkitARM/lib/gcc/arm-eabi/4.3.3/../../../../arm-eabi/lib/thumb/libsysbase.a(lseek.o)
 .v4_bx         0x00000000        0x0 /opt/devkitPro/devkitARM/lib/gcc/arm-eabi/4.3.3/../../../../arm-eabi/lib/thumb/libsysbase.a(read.o)
 .v4_bx         0x00000000        0x0 /opt/devkitPro/devkitARM/lib/gcc/arm-eabi/4.3.3/../../../../arm-eabi/lib/thumb/libsysbase.a(sbrk.o)
 .v4_bx         0x00000000        0x0 /opt/devkitPro/devkitARM/lib/gcc/arm-eabi/4.3.3/../../../../arm-eabi/lib/thumb/libsysbase.a(times.o)
 .v4_bx         0x00000000        0x0 /opt/devkitPro/devkitARM/lib/gcc/arm-eabi/4.3.3/../../../../arm-eabi/lib/thumb/libsysbase.a(write.o)
 .v4_bx         0x00000000        0x0 /opt/devkitPro/devkitARM/lib/gcc/arm-eabi/4.3.3/../../../../arm-eabi/lib/thumb/libsysbase.a(malloc_vars.o)
 .v4_bx         0x00000000        0x0 /opt/devkitPro/devkitARM/lib/gcc/arm-eabi/4.3.3/../../../../arm-eabi/lib/thumb/libsysbase.a(build_argv.o)
 .v4_bx         0x00000000        0x0 /opt/devkitPro/devkitARM/lib/gcc/arm-eabi/4.3.3/../../../../arm-eabi/lib/thumb/libsysbase.a(handle_manager.o)
 .v4_bx         0x00000000        0x0 /opt/devkitPro/devkitARM/lib/gcc/arm-eabi/4.3.3/thumb/libgcc.a(_udivsi3.o)
 .v4_bx         0x00000000        0x0 /opt/devkitPro/devkitARM/lib/gcc/arm-eabi/4.3.3/thumb/libgcc.a(_dvmd_tls.o)
 .v4_bx         0x00000000        0x0 /opt/devkitPro/devkitARM/lib/gcc/arm-eabi/4.3.3/../../../../arm-eabi/lib/thumb/libg.a(lib_a-errno.o)
 .v4_bx         0x00000000        0x0 /opt/devkitPro/devkitARM/lib/gcc/arm-eabi/4.3.3/../../../../arm-eabi/lib/thumb/libg.a(lib_a-strncmp.o)
 .v4_bx         0x00000000        0x0 /opt/devkitPro/devkitARM/lib/gcc/arm-eabi/4.3.3/thumb/crtend.o
 .v4_bx         0x00000000        0x0 /opt/devkitPro/devkitARM/lib/gcc/arm-eabi/4.3.3/thumb/crtn.o

.fini           0x020093d8        0xc
 *(.fini)
 .fini          0x020093d8        0x4 /opt/devkitPro/devkitARM/lib/gcc/arm-eabi/4.3.3/thumb/crti.o
                0x020093d8                _fini
 .fini          0x020093dc        0x8 /opt/devkitPro/devkitARM/lib/gcc/arm-eabi/4.3.3/thumb/crtn.o
                0x020093e4                __text_end = .

.rodata         0x020093e4    0x9600c
 *(.rodata)
 .rodata        0x020093e4    0x18000 Dificultad.o
                0x020093e4                DificultadBitmap
 .rodata        0x020213e4    0x18000 Juego.o
                0x020213e4                JuegoBitmap
 .rodata        0x020393e4    0x18000 Jugadores.o
                0x020393e4                JugadoresBitmap
 .rodata        0x020513e4    0x18000 Pausa.o
                0x020513e4                PausaBitmap
 .rodata        0x020693e4    0x18000 PuertaAbierta.o
                0x020693e4                PuertaAbiertaBitmap
 .rodata        0x020813e4    0x18000 Puerta.o
                0x020813e4                PuertaBitmap
 .rodata        0x020993e4      0x18c /opt/devkitPro/libnds/lib/libnds9.a(console.o)
 .rodata        0x02099570     0x2004 /opt/devkitPro/libnds/lib/libnds9.a(default_font.bin.o)
                0x0209b570                default_font_bin_end
                0x0209b570                default_font_bin_size
                0x02099570                default_font_bin
 .rodata        0x0209b574        0x4 /opt/devkitPro/devkitARM/lib/gcc/arm-eabi/4.3.3/../../../../arm-eabi/lib/thumb/libg.a(lib_a-impure.o)
                0x0209b574                _global_impure_ptr
 .rodata        0x0209b578      0x340 /opt/devkitPro/devkitARM/lib/gcc/arm-eabi/4.3.3/../../../../arm-eabi/lib/thumb/libg.a(lib_a-svfiscanf.o)
 .rodata        0x0209b8b8      0x184 /opt/devkitPro/devkitARM/lib/gcc/arm-eabi/4.3.3/../../../../arm-eabi/lib/thumb/libg.a(lib_a-vfiprintf.o)
 .rodata        0x0209ba3c      0x101 /opt/devkitPro/devkitARM/lib/gcc/arm-eabi/4.3.3/../../../../arm-eabi/lib/thumb/libg.a(lib_a-ctype_.o)
                0x0209ba3c                _ctype_
 *fill*         0x0209bb3d        0x3 ff
 .rodata        0x0209bb40     0x34ec /opt/devkitPro/devkitARM/lib/gcc/arm-eabi/4.3.3/../../../../arm-eabi/lib/thumb/libg.a(lib_a-jp2uc.o)
 .rodata        0x0209f02c       0xb8 /opt/devkitPro/devkitARM/lib/gcc/arm-eabi/4.3.3/../../../../arm-eabi/lib/thumb/libg.a(lib_a-locale.o)
 .rodata        0x0209f0e4       0xa8 /opt/devkitPro/devkitARM/lib/gcc/arm-eabi/4.3.3/../../../../arm-eabi/lib/thumb/libg.a(lib_a-mbtowc_r.o)
 .rodata        0x0209f18c       0x5c /opt/devkitPro/devkitARM/lib/gcc/arm-eabi/4.3.3/../../../../arm-eabi/lib/thumb/libsysbase.a(iosupport.o)
                0x0209f18c                dotab_stdnull
 *all.rodata*(*)
 *(.roda)
 *(.rodata.*)
 .rodata.str1.4
                0x0209f1e8       0xa5 main.o
                                 0xa8 (size before relaxing)
 *fill*         0x0209f28d        0x3 ff
 .rodata.str1.4
                0x0209f290       0x65 temporizadores.o
                                 0x68 (size before relaxing)
 *fill*         0x0209f2f5        0x3 ff
 .rodata.str1.4
                0x0209f2f8       0x44 /opt/devkitPro/libnds/lib/libnds9.a(console.o)
 .rodata.str1.4
                0x0209f33c        0x2 /opt/devkitPro/devkitARM/lib/gcc/arm-eabi/4.3.3/../../../../arm-eabi/lib/thumb/libg.a(lib_a-impure.o)
                                  0x4 (size before relaxing)
 *fill*         0x0209f33e        0x2 ff
 .rodata.str1.4
                0x0209f340       0x4a /opt/devkitPro/devkitARM/lib/gcc/arm-eabi/4.3.3/../../../../arm-eabi/lib/thumb/libg.a(lib_a-vfiprintf.o)
                                 0x4c (size before relaxing)
 *fill*         0x0209f38a        0x2 ff
 .rodata.str1.4
                0x0209f38c       0x1e /opt/devkitPro/devkitARM/lib/gcc/arm-eabi/4.3.3/../../../../arm-eabi/lib/thumb/libg.a(lib_a-wctomb_r.o)
                                 0x20 (size before relaxing)
 .rodata.str1.4
                0x00000000       0x20 /opt/devkitPro/devkitARM/lib/gcc/arm-eabi/4.3.3/../../../../arm-eabi/lib/thumb/libg.a(lib_a-iswspace.o)
 *fill*         0x0209f3aa        0x2 ff
 .rodata.str1.4
                0x0209f3ac       0x3a /opt/devkitPro/devkitARM/lib/gcc/arm-eabi/4.3.3/../../../../arm-eabi/lib/thumb/libg.a(lib_a-locale.o)
                                 0x64 (size before relaxing)
 .rodata.str1.4
                0x00000000        0x4 /opt/devkitPro/devkitARM/lib/gcc/arm-eabi/4.3.3/../../../../arm-eabi/lib/thumb/libg.a(lib_a-mbrtowc.o)
 .rodata.str1.4
                0x00000000       0x20 /opt/devkitPro/devkitARM/lib/gcc/arm-eabi/4.3.3/../../../../arm-eabi/lib/thumb/libg.a(lib_a-mbtowc_r.o)
 *fill*         0x0209f3e6        0x2 ff
 .rodata.str1.4
                0x0209f3e8        0x8 /opt/devkitPro/devkitARM/lib/gcc/arm-eabi/4.3.3/../../../../arm-eabi/lib/thumb/libsysbase.a(iosupport.o)
 *(.gnu.linkonce.r*)
                0x0209f3f0                . = ALIGN (0x4)

.ARM.extab
 *(.ARM.extab* .gnu.linkonce.armextab.*)
                0x0209f3f0                __exidx_start = .

.ARM.exidx
 *(.ARM.exidx* .gnu.linkonce.armexidx.*)
                0x0209f3f0                __exidx_end = .
                0x0209f3f0                . = ALIGN (0x4)
                0x0209f3f0                PROVIDE (__preinit_array_start, .)

.preinit_array
 *(.preinit_array)
                0x0209f3f0                PROVIDE (__preinit_array_end, .)
                0x0209f3f0                PROVIDE (__init_array_start, .)

.init_array     0x0209f3f0        0x4
 *(.init_array)
 .init_array    0x0209f3f0        0x4 /opt/devkitPro/devkitARM/lib/gcc/arm-eabi/4.3.3/thumb/crtbegin.o
                0x0209f3f4                PROVIDE (__init_array_end, .)
                0x0209f3f4                PROVIDE (__fini_array_start, .)

.fini_array     0x0209f3f4        0x4
 *(.fini_array)
 .fini_array    0x0209f3f4        0x4 /opt/devkitPro/devkitARM/lib/gcc/arm-eabi/4.3.3/thumb/crtbegin.o
                0x0209f3f8                PROVIDE (__fini_array_end, .)

.ctors          0x0209f3f8        0x0
 *crtbegin.o(.ctors)
 *(EXCLUDE_FILE(*crtend.o) .ctors)
 *(SORT(.ctors.*))
 *(.ctors)
                0x0209f3f8                . = ALIGN (0x4)

.dtors          0x0209f3f8        0x0
 *crtbegin.o(.dtors)
 *(EXCLUDE_FILE(*crtend.o) .dtors)
 *(SORT(.dtors.*))
 *(.dtors)
                0x0209f3f8                . = ALIGN (0x4)

.eh_frame       0x0209f3f8        0x4
 *(.eh_frame)
 .eh_frame      0x0209f3f8        0x0 /opt/devkitPro/devkitARM/lib/gcc/arm-eabi/4.3.3/thumb/crtbegin.o
 .eh_frame      0x0209f3f8        0x4 /opt/devkitPro/devkitARM/lib/gcc/arm-eabi/4.3.3/thumb/crtend.o
                0x0209f3fc                . = ALIGN (0x4)

.gcc_except_table
                0x0209f3fc        0x0
 *(.gcc_except_table)
                0x0209f3fc                . = ALIGN (0x4)

.jcr            0x0209f3fc        0x4
 *(.jcr)
 .jcr           0x0209f3fc        0x0 /opt/devkitPro/devkitARM/lib/gcc/arm-eabi/4.3.3/thumb/crtbegin.o
 .jcr           0x0209f3fc        0x4 /opt/devkitPro/devkitARM/lib/gcc/arm-eabi/4.3.3/thumb/crtend.o

.got
 *(.got.plt)
 *(.got)
 *(.rel.got)

.ewram          0x0209f400        0x0
                0x0209f400                __ewram_start = ABSOLUTE (.)
 *(.ewram)
 *ewram.*(.text)
                0x0209f400                . = ALIGN (0x4)

.data           0x0209f400     0x15d4
                0x0209f400                __data_start = ABSOLUTE (.)
 *(.data)
 .data          0x0209f400        0x0 /opt/devkitPro/devkitARM/lib/gcc/arm-eabi/4.3.3/../../../../arm-eabi/lib/thumb/ds_arm9_crt0.o
 .data          0x0209f400        0x0 /opt/devkitPro/devkitARM/lib/gcc/arm-eabi/4.3.3/thumb/crti.o
 .data          0x0209f400        0x4 /opt/devkitPro/devkitARM/lib/gcc/arm-eabi/4.3.3/thumb/crtbegin.o
                0x0209f400                __dso_handle
 .data          0x0209f404        0x0 soundbank.bin.o
 .data          0x0209f404        0x0 Dificultad.o
 .data          0x0209f404        0x0 Juego.o
 .data          0x0209f404        0x0 Jugadores.o
 .data          0x0209f404        0x0 Pausa.o
 .data          0x0209f404        0x0 PuertaAbierta.o
 .data          0x0209f404        0x0 Puerta.o
 .data          0x0209f404        0x0 fondos.o
 .data          0x0209f404        0x0 graficos.o
 .data          0x0209f404        0x0 main.o
 .data          0x0209f404        0x0 rutserv.o
 .data          0x0209f404      0x900 sprites.o
                0x0209f404                Rombo
                0x0209f504                RomboGrande
                0x0209f904                Car
 .data          0x0209fd04        0x0 teclado.o
 .data          0x0209fd04       0x14 temporizadores.o
                0x0209fd04                x
                0x0209fd0c                x2
                0x0209fd14                x4
                0x0209fd10                x3
                0x0209fd08                x1
 .data          0x0209fd18       0x64 /opt/devkitPro/libnds/lib/libnds9.a(console.o)
                0x0209fd18                defaultConsole
                0x0209fd74                currentConsole
 .data          0x0209fd7c        0x0 /opt/devkitPro/libnds/lib/libnds9.a(initSystem.o)
 .data          0x0209fd7c       0x28 /opt/devkitPro/libnds/lib/libnds9.a(sprite.o)
                0x0209fd90                oamSub
                0x0209fd7c                oamMain
 .data          0x0209fda4        0x0 /opt/devkitPro/libnds/lib/libnds9.a(sprite_alloc.o)
 .data          0x0209fda4        0x0 /opt/devkitPro/libnds/lib/libnds9.a(system.o)
 .data          0x0209fda4        0x0 /opt/devkitPro/libnds/lib/libnds9.a(touch.o)
 .data          0x0209fda4      0x308 /opt/devkitPro/libnds/lib/libnds9.a(trig.o)
                0x0209fda4                SIN_LUT
                0x0209fea8                TAN_LUT
 .data          0x020a00ac        0x0 /opt/devkitPro/libnds/lib/libnds9.a(video.o)
 .data          0x020a00ac        0x0 /opt/devkitPro/libnds/lib/libnds9.a(fifosystem.o)
 .data          0x020a00ac        0x0 /opt/devkitPro/libnds/lib/libnds9.a(interrupts.o)
 .data          0x020a00ac        0x0 /opt/devkitPro/libnds/lib/libnds9.a(dcache.o)
 .data          0x020a00ac        0x0 /opt/devkitPro/libnds/lib/libnds9.a(biosCalls.o)
 .data          0x020a00ac        0x0 /opt/devkitPro/libnds/lib/libnds9.a(debugprint.o)
 .data          0x020a00ac        0x0 /opt/devkitPro/libnds/lib/libnds9.a(interruptDispatcher.o)
 .data          0x020a00ac        0x0 /opt/devkitPro/libnds/lib/libnds9.a(default_font.bin.o)
 .data          0x020a00ac       0x60 /opt/devkitPro/libnds/lib/libnds9.a(background.o)
                0x020a00ac                bgControl
                0x020a00ec                bgTransform
                0x020a00cc                bgScrollTable
 .data          0x020a010c        0x0 /opt/devkitPro/devkitARM/lib/gcc/arm-eabi/4.3.3/../../../../arm-eabi/lib/thumb/libg.a(lib_a-bsearch.o)
 *fill*         0x020a010c        0x4 ff
 .data          0x020a0110      0x430 /opt/devkitPro/devkitARM/lib/gcc/arm-eabi/4.3.3/../../../../arm-eabi/lib/thumb/libg.a(lib_a-impure.o)
                0x020a0110                _impure_ptr
 .data          0x020a0540        0x0 /opt/devkitPro/devkitARM/lib/gcc/arm-eabi/4.3.3/../../../../arm-eabi/lib/thumb/libg.a(lib_a-init.o)
 .data          0x020a0540        0x0 /opt/devkitPro/devkitARM/lib/gcc/arm-eabi/4.3.3/../../../../arm-eabi/lib/thumb/libg.a(lib_a-iprintf.o)
 .data          0x020a0540        0x0 /opt/devkitPro/devkitARM/lib/gcc/arm-eabi/4.3.3/../../../../arm-eabi/lib/thumb/libg.a(lib_a-malloc.o)
 .data          0x020a0540      0x410 /opt/devkitPro/devkitARM/lib/gcc/arm-eabi/4.3.3/../../../../arm-eabi/lib/thumb/libg.a(lib_a-mallocr.o)
                0x020a094c                __malloc_sbrk_base
                0x020a0540                __malloc_av_
                0x020a0948                __malloc_trim_threshold
 .data          0x020a0950        0x0 /opt/devkitPro/devkitARM/lib/gcc/arm-eabi/4.3.3/../../../../arm-eabi/lib/thumb/libg.a(lib_a-memcpy.o)
 .data          0x020a0950        0x0 /opt/devkitPro/devkitARM/lib/gcc/arm-eabi/4.3.3/../../../../arm-eabi/lib/thumb/libg.a(lib_a-memset.o)
 .data          0x020a0950        0x0 /opt/devkitPro/devkitARM/lib/gcc/arm-eabi/4.3.3/../../../../arm-eabi/lib/thumb/libg.a(lib_a-mlock.o)
 .data          0x020a0950        0x0 /opt/devkitPro/devkitARM/lib/gcc/arm-eabi/4.3.3/../../../../arm-eabi/lib/thumb/libg.a(lib_a-realloc.o)
 .data          0x020a0950        0x0 /opt/devkitPro/devkitARM/lib/gcc/arm-eabi/4.3.3/../../../../arm-eabi/lib/thumb/libg.a(lib_a-reallocr.o)
 .data          0x020a0950        0x0 /opt/devkitPro/devkitARM/lib/gcc/arm-eabi/4.3.3/../../../../arm-eabi/lib/thumb/libg.a(lib_a-setvbuf.o)
 .data          0x020a0950        0x0 /opt/devkitPro/devkitARM/lib/gcc/arm-eabi/4.3.3/../../../../arm-eabi/lib/thumb/libg.a(lib_a-siscanf.o)
 .data          0x020a0950        0x0 /opt/devkitPro/devkitARM/lib/gcc/arm-eabi/4.3.3/../../../../arm-eabi/lib/thumb/libg.a(lib_a-strlen.o)
 .data          0x020a0950        0x0 /opt/devkitPro/devkitARM/lib/gcc/arm-eabi/4.3.3/../../../../arm-eabi/lib/thumb/libg.a(lib_a-svfiscanf.o)
 .data          0x020a0950        0x0 /opt/devkitPro/devkitARM/lib/gcc/arm-eabi/4.3.3/../../../../arm-eabi/lib/thumb/libg.a(lib_a-ungetc.o)
 .data          0x020a0950        0x0 /opt/devkitPro/devkitARM/lib/gcc/arm-eabi/4.3.3/../../../../arm-eabi/lib/thumb/libg.a(lib_a-vfiprintf.o)
 .data          0x020a0950        0x0 /opt/devkitPro/devkitARM/lib/gcc/arm-eabi/4.3.3/../../../../arm-eabi/lib/thumb/libg.a(lib_a-wcrtomb.o)
 .data          0x020a0950        0x0 /opt/devkitPro/devkitARM/lib/gcc/arm-eabi/4.3.3/../../../../arm-eabi/lib/thumb/libg.a(lib_a-wcsrtombs.o)
 .data          0x020a0950        0x0 /opt/devkitPro/devkitARM/lib/gcc/arm-eabi/4.3.3/../../../../arm-eabi/lib/thumb/libg.a(lib_a-wctomb_r.o)
 .data          0x020a0950        0x0 /opt/devkitPro/devkitARM/lib/gcc/arm-eabi/4.3.3/../../../../arm-eabi/lib/thumb/libg.a(lib_a-wsetup.o)
 .data          0x020a0950        0x8 /opt/devkitPro/devkitARM/lib/gcc/arm-eabi/4.3.3/../../../../arm-eabi/lib/thumb/libg.a(lib_a-ctype_.o)
                0x020a0950                __ctype_ptr
                0x020a0954                __ctype_ptr__
 .data          0x020a0958        0x0 /opt/devkitPro/devkitARM/lib/gcc/arm-eabi/4.3.3/../../../../arm-eabi/lib/thumb/libg.a(lib_a-fflush.o)
 .data          0x020a0958        0x0 /opt/devkitPro/devkitARM/lib/gcc/arm-eabi/4.3.3/../../../../arm-eabi/lib/thumb/libg.a(lib_a-findfp.o)
 .data          0x020a0958        0x0 /opt/devkitPro/devkitARM/lib/gcc/arm-eabi/4.3.3/../../../../arm-eabi/lib/thumb/libg.a(lib_a-freer.o)
 .data          0x020a0958        0x0 /opt/devkitPro/devkitARM/lib/gcc/arm-eabi/4.3.3/../../../../arm-eabi/lib/thumb/libg.a(lib_a-fvwrite.o)
 .data          0x020a0958        0x0 /opt/devkitPro/devkitARM/lib/gcc/arm-eabi/4.3.3/../../../../arm-eabi/lib/thumb/libg.a(lib_a-fwalk.o)
 .data          0x020a0958        0x0 /opt/devkitPro/devkitARM/lib/gcc/arm-eabi/4.3.3/../../../../arm-eabi/lib/thumb/libg.a(lib_a-iswspace.o)
 .data          0x020a0958        0x0 /opt/devkitPro/devkitARM/lib/gcc/arm-eabi/4.3.3/../../../../arm-eabi/lib/thumb/libg.a(lib_a-jp2uc.o)
 .data          0x020a0958       0x38 /opt/devkitPro/devkitARM/lib/gcc/arm-eabi/4.3.3/../../../../arm-eabi/lib/thumb/libg.a(lib_a-locale.o)
                0x020a0958                __mb_cur_max
                0x020a095c                __lc_ctype
 .data          0x020a0990        0x0 /opt/devkitPro/devkitARM/lib/gcc/arm-eabi/4.3.3/../../../../arm-eabi/lib/thumb/libg.a(lib_a-makebuf.o)
 .data          0x020a0990        0x0 /opt/devkitPro/devkitARM/lib/gcc/arm-eabi/4.3.3/../../../../arm-eabi/lib/thumb/libg.a(lib_a-mbrtowc.o)
 .data          0x020a0990        0x0 /opt/devkitPro/devkitARM/lib/gcc/arm-eabi/4.3.3/../../../../arm-eabi/lib/thumb/libg.a(lib_a-mbtowc_r.o)
 .data          0x020a0990        0x0 /opt/devkitPro/devkitARM/lib/gcc/arm-eabi/4.3.3/../../../../arm-eabi/lib/thumb/libg.a(lib_a-memchr.o)
 .data          0x020a0990        0x0 /opt/devkitPro/devkitARM/lib/gcc/arm-eabi/4.3.3/../../../../arm-eabi/lib/thumb/libg.a(lib_a-memmove.o)
 .data          0x020a0990        0x0 /opt/devkitPro/devkitARM/lib/gcc/arm-eabi/4.3.3/../../../../arm-eabi/lib/thumb/libg.a(lib_a-sccl.o)
 .data          0x020a0990        0x0 /opt/devkitPro/devkitARM/lib/gcc/arm-eabi/4.3.3/../../../../arm-eabi/lib/thumb/libg.a(lib_a-stdio.o)
 .data          0x020a0990        0x0 /opt/devkitPro/devkitARM/lib/gcc/arm-eabi/4.3.3/../../../../arm-eabi/lib/thumb/libg.a(lib_a-strcmp.o)
 .data          0x020a0990        0x0 /opt/devkitPro/devkitARM/lib/gcc/arm-eabi/4.3.3/../../../../arm-eabi/lib/thumb/libg.a(lib_a-strcpy.o)
 .data          0x020a0990        0x0 /opt/devkitPro/devkitARM/lib/gcc/arm-eabi/4.3.3/../../../../arm-eabi/lib/thumb/libg.a(lib_a-strtol.o)
 .data          0x020a0990        0x0 /opt/devkitPro/devkitARM/lib/gcc/arm-eabi/4.3.3/../../../../arm-eabi/lib/thumb/libg.a(lib_a-strtoul.o)
 .data          0x020a0990        0x0 /opt/devkitPro/devkitARM/lib/gcc/arm-eabi/4.3.3/../../../../arm-eabi/lib/thumb/libg.a(lib_a-fclose.o)
 .data          0x020a0990       0x44 /opt/devkitPro/devkitARM/lib/gcc/arm-eabi/4.3.3/../../../../arm-eabi/lib/thumb/libsysbase.a(iosupport.o)
                0x020a0990                devoptab_list
 .data          0x020a09d4        0x0 /opt/devkitPro/devkitARM/lib/gcc/arm-eabi/4.3.3/../../../../arm-eabi/lib/thumb/libsysbase.a(close.o)
 .data          0x020a09d4        0x0 /opt/devkitPro/devkitARM/lib/gcc/arm-eabi/4.3.3/../../../../arm-eabi/lib/thumb/libsysbase.a(fstat.o)
 .data          0x020a09d4        0x0 /opt/devkitPro/devkitARM/lib/gcc/arm-eabi/4.3.3/../../../../arm-eabi/lib/thumb/libsysbase.a(isatty.o)
 .data          0x020a09d4        0x0 /opt/devkitPro/devkitARM/lib/gcc/arm-eabi/4.3.3/../../../../arm-eabi/lib/thumb/libsysbase.a(lseek.o)
 .data          0x020a09d4        0x0 /opt/devkitPro/devkitARM/lib/gcc/arm-eabi/4.3.3/../../../../arm-eabi/lib/thumb/libsysbase.a(read.o)
 .data          0x020a09d4        0x0 /opt/devkitPro/devkitARM/lib/gcc/arm-eabi/4.3.3/../../../../arm-eabi/lib/thumb/libsysbase.a(sbrk.o)
 .data          0x020a09d4        0x0 /opt/devkitPro/devkitARM/lib/gcc/arm-eabi/4.3.3/../../../../arm-eabi/lib/thumb/libsysbase.a(times.o)
 .data          0x020a09d4        0x0 /opt/devkitPro/devkitARM/lib/gcc/arm-eabi/4.3.3/../../../../arm-eabi/lib/thumb/libsysbase.a(write.o)
 .data          0x020a09d4        0x0 /opt/devkitPro/devkitARM/lib/gcc/arm-eabi/4.3.3/../../../../arm-eabi/lib/thumb/libsysbase.a(malloc_vars.o)
 .data          0x020a09d4        0x0 /opt/devkitPro/devkitARM/lib/gcc/arm-eabi/4.3.3/../../../../arm-eabi/lib/thumb/libsysbase.a(build_argv.o)
 .data          0x020a09d4        0x0 /opt/devkitPro/devkitARM/lib/gcc/arm-eabi/4.3.3/../../../../arm-eabi/lib/thumb/libsysbase.a(handle_manager.o)
 .data          0x020a09d4        0x0 /opt/devkitPro/devkitARM/lib/gcc/arm-eabi/4.3.3/thumb/libgcc.a(_udivsi3.o)
 .data          0x020a09d4        0x0 /opt/devkitPro/devkitARM/lib/gcc/arm-eabi/4.3.3/thumb/libgcc.a(_dvmd_tls.o)
 .data          0x020a09d4        0x0 /opt/devkitPro/devkitARM/lib/gcc/arm-eabi/4.3.3/../../../../arm-eabi/lib/thumb/libg.a(lib_a-errno.o)
 .data          0x020a09d4        0x0 /opt/devkitPro/devkitARM/lib/gcc/arm-eabi/4.3.3/../../../../arm-eabi/lib/thumb/libg.a(lib_a-strncmp.o)
 .data          0x020a09d4        0x0 /opt/devkitPro/devkitARM/lib/gcc/arm-eabi/4.3.3/thumb/crtend.o
 .data          0x020a09d4        0x0 /opt/devkitPro/devkitARM/lib/gcc/arm-eabi/4.3.3/thumb/crtn.o
 *(.data.*)
 *(.gnu.linkonce.d*)
                0x020a09d4                . = ALIGN (0x4)
                0x020a09d4                __data_end = ABSOLUTE (.)
                0x020a09d4                __dtcm_lma = .
                0x020a09d4                __bss_vma = .

.dtcm           0x0b000000        0x0 load address 0x020a09d4
 *(.dtcm)
 *(.dtcm.*)
                0x0b000000                . = ALIGN (0x4)
                0x0b000000                __dtcm_end = ABSOLUTE (.)
                0x020a09d4                __itcm_lma = (__dtcm_lma + SIZEOF (.dtcm))

.itcm           0x01000100      0x190 load address 0x020a09d4
 *(.itcm)
 .itcm          0x01000100       0xc8 /opt/devkitPro/libnds/lib/libnds9.a(interrupts.o)
                0x01000100                irqTable
 .itcm          0x010001c8       0xc8 /opt/devkitPro/libnds/lib/libnds9.a(interruptDispatcher.o)
                0x010001c8                IntrMain
 *itcm.*(.text)
                0x01000290                . = ALIGN (0x4)
                0x01000290                __itcm_end = ABSOLUTE (.)
                0x020a0b64                __vectors_lma = (__itcm_lma + SIZEOF (.itcm))

.vectors        0x01000000        0x0 load address 0x020a0b64
 *(.vectors)
 *vectors.*(.text)
                0x01000000                . = ALIGN (0x4)
                0x01000000                __vectors_end = ABSOLUTE (.)

.sbss           0x0b000000        0x0
                0x0b000000                __sbss_start = ABSOLUTE (.)
                0x0b000000                __sbss_start__ = ABSOLUTE (.)
 *(.sbss)
                0x0b000000                . = ALIGN (0x4)
                0x0b000000                __sbss_end = ABSOLUTE (.)

.bss            0x020a09d4     0x2c74
                0x020a09d4                __bss_start = ABSOLUTE (.)
                0x020a09d4                __bss_start__ = ABSOLUTE (.)
 *(.dynbss)
 *(.gnu.linkonce.b*)
 *(.bss*)
 .bss           0x020a09d4        0x0 /opt/devkitPro/devkitARM/lib/gcc/arm-eabi/4.3.3/../../../../arm-eabi/lib/thumb/ds_arm9_crt0.o
 .bss           0x020a09d4        0x0 /opt/devkitPro/devkitARM/lib/gcc/arm-eabi/4.3.3/thumb/crti.o
 .bss           0x020a09d4       0x1c /opt/devkitPro/devkitARM/lib/gcc/arm-eabi/4.3.3/thumb/crtbegin.o
 .bss           0x020a09f0        0x0 soundbank.bin.o
 .bss           0x020a09f0        0x0 Dificultad.o
 .bss           0x020a09f0        0x0 Juego.o
 .bss           0x020a09f0        0x0 Jugadores.o
 .bss           0x020a09f0        0x0 Pausa.o
 .bss           0x020a09f0        0x0 PuertaAbierta.o
 .bss           0x020a09f0        0x0 Puerta.o
 .bss           0x020a09f0        0x0 fondos.o
 .bss           0x020a09f0        0x0 graficos.o
 .bss           0x020a09f0        0x0 main.o
 .bss           0x020a09f0        0x0 rutserv.o
 .bss           0x020a09f0        0x0 sprites.o
 .bss           0x020a09f0        0x0 teclado.o
 .bss           0x020a09f0       0x10 temporizadores.o
                0x020a09f0                tik
 .bss           0x020a0a00        0x0 /opt/devkitPro/libnds/lib/libnds9.a(console.o)
 .bss           0x020a0a00        0x0 /opt/devkitPro/libnds/lib/libnds9.a(initSystem.o)
 .bss           0x020a0a00        0x0 /opt/devkitPro/libnds/lib/libnds9.a(sprite.o)
 .bss           0x020a0a00        0x0 /opt/devkitPro/libnds/lib/libnds9.a(sprite_alloc.o)
 .bss           0x020a0a00        0x0 /opt/devkitPro/libnds/lib/libnds9.a(system.o)
 .bss           0x020a0a00        0x0 /opt/devkitPro/libnds/lib/libnds9.a(touch.o)
 .bss           0x020a0a00        0x0 /opt/devkitPro/libnds/lib/libnds9.a(trig.o)
 .bss           0x020a0a00        0x0 /opt/devkitPro/libnds/lib/libnds9.a(video.o)
 .bss           0x020a0a00       0x14 /opt/devkitPro/libnds/lib/libnds9.a(fifosystem.o)
                0x020a0a10                fifo_lost_words
                0x020a0a0c                fifo_recv_status
                0x020a0a00                fifo_initialized
                0x020a0a08                fifo_send_status
                0x020a0a04                fifo_protect_levels
 .bss           0x020a0a14        0x0 /opt/devkitPro/libnds/lib/libnds9.a(interrupts.o)
 .bss           0x020a0a14        0x0 /opt/devkitPro/libnds/lib/libnds9.a(dcache.o)
 .bss           0x020a0a14        0x0 /opt/devkitPro/libnds/lib/libnds9.a(biosCalls.o)
 .bss           0x020a0a14        0x0 /opt/devkitPro/libnds/lib/libnds9.a(debugprint.o)
 .bss           0x020a0a14        0x0 /opt/devkitPro/libnds/lib/libnds9.a(interruptDispatcher.o)
 .bss           0x020a0a14        0x0 /opt/devkitPro/libnds/lib/libnds9.a(default_font.bin.o)
 .bss           0x020a0a14        0x0 /opt/devkitPro/libnds/lib/libnds9.a(background.o)
 .bss           0x020a0a14        0x0 /opt/devkitPro/devkitARM/lib/gcc/arm-eabi/4.3.3/../../../../arm-eabi/lib/thumb/libg.a(lib_a-bsearch.o)
 .bss           0x020a0a14        0x0 /opt/devkitPro/devkitARM/lib/gcc/arm-eabi/4.3.3/../../../../arm-eabi/lib/thumb/libg.a(lib_a-impure.o)